
Discarded input sections

 .text          0x00000000        0x0 utkernel.o
 .data          0x00000000        0x0 utkernel.o
 .bss           0x00000000        0x0 utkernel.o
 .rodata.putchar.str1.1
                0x00000000        0x8 utkernel.o
 .text.putchar  0x00000000       0x30 utkernel.o
 .rodata.default_handler.str1.1
                0x00000000       0x23 utkernel.o
 .text.default_handler
                0x00000000       0x38 utkernel.o
 .bss.__atexit_funcs
                0x00000000       0x80 utkernel.o

Memory Configuration

Name             Origin             Length             Attributes
FLASH            0x10000000         0x00200000         xr
SRAM             0x20000000         0x00042000         xrw
*default*        0x00000000         0xffffffff

Linker script and memory map

LOAD utkernel.o

.vectors        0x10000000       0x40
                0x10000000        0x4 LONG 0x20042000 (ORIGIN (SRAM) + LENGTH (SRAM))
                0x10000004        0x4 LONG 0x10000e09 (reset_handler + 0x1)
                0x10000008        0x4 LONG 0x1 (default_handler + 0x1)
                0x1000000c        0x4 LONG 0x1 (default_handler + 0x1)
                0x10000010        0x4 LONG 0x1 (default_handler + 0x1)
                0x10000014        0x4 LONG 0x1 (default_handler + 0x1)
                0x10000018        0x4 LONG 0x1 (default_handler + 0x1)
                0x1000001c        0x4 LONG 0x1 (default_handler + 0x1)
                0x10000020        0x4 LONG 0x1 (default_handler + 0x1)
                0x10000024        0x4 LONG 0x1 (default_handler + 0x1)
                0x10000028        0x4 LONG 0x1 (default_handler + 0x1)
                0x1000002c        0x4 LONG 0x1 (default_handler + 0x1)
                0x10000030        0x4 LONG 0x1 (default_handler + 0x1)
                0x10000034        0x4 LONG 0x1 (default_handler + 0x1)
                0x10000038        0x4 LONG 0x1 (default_handler + 0x1)
                0x1000003c        0x4 LONG 0x1 (default_handler + 0x1)

.text           0x10000040     0x1408
 *(.text*)
 .text.valid_task
                0x10000040       0x24 utkernel.o
 .text.valid_sem
                0x10000064       0x28 utkernel.o
 .text.valid_flg
                0x1000008c       0x28 utkernel.o
 .text.valid_mbx
                0x100000b4       0x28 utkernel.o
 .text.mmio_write32
                0x100000dc       0x3c utkernel.o
 .text.tk_putchar
                0x10000118       0x44 utkernel.o
                0x10000118                tk_putchar
 .text.tk_puts  0x1000015c       0x4c utkernel.o
                0x1000015c                tk_puts
 .text.tk_puthex
                0x100001a8       0x68 utkernel.o
                0x100001a8                tk_puthex
 .text.tk_kernel_exit
                0x10000210       0x34 utkernel.o
                0x10000210                tk_kernel_exit
 .text.tk_cre_tsk
                0x10000244      0x180 utkernel.o
                0x10000244                tk_cre_tsk
 .text.tk_sta_tsk
                0x100003c4       0xc4 utkernel.o
                0x100003c4                tk_sta_tsk
 .text.tk_ext_tsk
                0x10000488       0x8c utkernel.o
                0x10000488                tk_ext_tsk
 .text.tk_dly_tsk
                0x10000514       0x44 utkernel.o
                0x10000514                tk_dly_tsk
 .text.tk_get_tick
                0x10000558       0x18 utkernel.o
                0x10000558                tk_get_tick
 .text.tk_get_tid
                0x10000570       0x18 utkernel.o
                0x10000570                tk_get_tid
 .text.tk_cre_sem
                0x10000588      0x150 utkernel.o
                0x10000588                tk_cre_sem
 .text.tk_sig_sem
                0x100006d8       0x68 utkernel.o
                0x100006d8                tk_sig_sem
 .text.tk_wai_sem
                0x10000740       0x68 utkernel.o
                0x10000740                tk_wai_sem
 .text.tk_cre_flg
                0x100007a8      0x110 utkernel.o
                0x100007a8                tk_cre_flg
 .text.tk_set_flg
                0x100008b8       0x90 utkernel.o
                0x100008b8                tk_set_flg
 .text.tk_wai_flg
                0x10000948       0x90 utkernel.o
                0x10000948                tk_wai_flg
 .text.monitor_task
                0x100009d8       0xd4 utkernel.o
 .text.tk_cre_mbx
                0x10000aac      0x148 utkernel.o
                0x10000aac                tk_cre_mbx
 .text.tk_snd_mbx
                0x10000bf4       0x78 utkernel.o
                0x10000bf4                tk_snd_mbx
 .text.producer_task
                0x10000c6c       0x84 utkernel.o
 .text.tk_rcv_mbx
                0x10000cf0       0x74 utkernel.o
                0x10000cf0                tk_rcv_mbx
 .text.worker_task
                0x10000d64       0xa4 utkernel.o
 .text.reset_handler
                0x10000e08      0x3b0 utkernel.o
                0x10000e08                reset_handler
 *(.rodata*)
 .rodata.mmio_write32.str1.1
                0x100011b8      0x238 utkernel.o
                                  0xd (size before relaxing)
 .rodata.tk_putchar.str1.1
                0x100013f0        0x0 utkernel.o
                                  0xb (size before relaxing)
 .rodata.tk_puts.str1.1
                0x100013f0        0x0 utkernel.o
                                  0x8 (size before relaxing)
 .rodata.tk_puthex.str1.1
                0x100013f0        0x0 utkernel.o
                                 0x1e (size before relaxing)
 .rodata.tk_kernel_exit.str1.1
                0x100013f0        0x0 utkernel.o
                                  0xf (size before relaxing)
 .rodata.tk_cre_tsk.str1.1
                0x100013f0        0x0 utkernel.o
                                 0x30 (size before relaxing)
 .rodata.tk_sta_tsk.str1.1
                0x100013f0        0x0 utkernel.o
                                  0xb (size before relaxing)
 .rodata.tk_ext_tsk.str1.1
                0x100013f0        0x0 utkernel.o
                                  0xb (size before relaxing)
 .rodata.tk_dly_tsk.str1.1
                0x100013f0        0x0 utkernel.o
                                  0xb (size before relaxing)
 .rodata.tk_cre_sem.str1.1
                0x100013f0        0x0 utkernel.o
                                  0xb (size before relaxing)
 .rodata.tk_sig_sem.str1.1
                0x100013f0        0x0 utkernel.o
                                  0xb (size before relaxing)
 .rodata.tk_wai_sem.str1.1
                0x100013f0        0x0 utkernel.o
                                  0xb (size before relaxing)
 .rodata.tk_cre_flg.str1.1
                0x100013f0        0x0 utkernel.o
                                  0xb (size before relaxing)
 .rodata.tk_set_flg.str1.1
                0x100013f0        0x0 utkernel.o
                                  0xb (size before relaxing)
 .rodata.tk_wai_flg.str1.1
                0x100013f0        0x0 utkernel.o
                                  0xb (size before relaxing)
 .rodata.monitor_task.str1.1
                0x100013f0        0x0 utkernel.o
                                 0x83 (size before relaxing)
 .rodata.tk_cre_mbx.str1.1
                0x100013f0        0x0 utkernel.o
                                  0xb (size before relaxing)
 .rodata.tk_snd_mbx.str1.1
                0x100013f0        0x0 utkernel.o
                                  0xb (size before relaxing)
 .rodata.producer_task.str1.1
                0x100013f0        0x0 utkernel.o
                                 0x37 (size before relaxing)
 .rodata.tk_rcv_mbx.str1.1
                0x100013f0        0x0 utkernel.o
                                  0xb (size before relaxing)
 .rodata.worker_task.str1.1
                0x100013f0        0x0 utkernel.o
                                 0x38 (size before relaxing)
 .rodata.reset_handler.str1.1
                0x100013f0        0x0 utkernel.o
                                 0x47 (size before relaxing)
 .rodata.__func__.0
                0x100013f0        0xb utkernel.o
 .rodata.__func__.2
                0x100013fb        0xb utkernel.o
 .rodata.__func__.4
                0x10001406        0xb utkernel.o
 .rodata.__func__.5
                0x10001411        0xb utkernel.o
 .rodata.__func__.7
                0x1000141c        0xb utkernel.o
 .rodata.__func__.8
                0x10001427        0xb utkernel.o
 .rodata.__func__.10
                0x10001432        0xb utkernel.o
 .rodata.__func__.11
                0x1000143d        0xb utkernel.o

.glue_7         0x10001448        0x0
 .glue_7        0x10001448        0x0 linker stubs

.glue_7t        0x10001448        0x0
 .glue_7t       0x10001448        0x0 linker stubs

.vfp11_veneer   0x10001448        0x0
 .vfp11_veneer  0x10001448        0x0 linker stubs

.v4_bx          0x10001448        0x0
 .v4_bx         0x10001448        0x0 linker stubs

.iplt           0x10001448        0x0
 .iplt          0x10001448        0x0 utkernel.o

.rel.dyn        0x10001448        0x0
 .rel.iplt      0x10001448        0x0 utkernel.o

.data
 *(.data*)

.igot.plt       0x20000000        0x0 load address 0x10001448
 .igot.plt      0x20000000        0x0 utkernel.o

.bss            0x20000000      0x124 load address 0x10001448
                0x20000000                        __bss_start__ = .
 *(.bss*)
 .bss.g_msg     0x20000000        0x8 utkernel.o
 .bss.g_worker_sum
                0x20000008        0x4 utkernel.o
 .bss.g_msg_value
                0x2000000c        0x4 utkernel.o
 .bss.g_mbox    0x20000010        0x4 utkernel.o
 .bss.g_flag    0x20000014        0x4 utkernel.o
 .bss.g_sem     0x20000018        0x4 utkernel.o
 .bss.g_current_tid
                0x2000001c        0x4 utkernel.o
 .bss.g_tick    0x20000020        0x4 utkernel.o
 .bss.g_mbx     0x20000024       0x30 utkernel.o
 .bss.g_flgs    0x20000054       0x20 utkernel.o
 .bss.g_sems    0x20000074       0x30 utkernel.o
 .bss.g_tasks   0x200000a4       0x80 utkernel.o
 *(COMMON)
                0x20000124                        __bss_end__ = .
OUTPUT(utkernel.elf elf32-littlearm)
LOAD linker stubs

.comment        0x00000000       0x23
 .comment       0x00000000       0x23 utkernel.o
                                 0x24 (size before relaxing)

.ARM.attributes
                0x00000000       0x2c
 .ARM.attributes
                0x00000000       0x2c utkernel.o
