Archive member included to satisfy reference by file (symbol)

/usr/lib/gcc/arm-none-eabi/15.2.0/thumb/v6-m/nofp/libgcc.a(_thumb1_case_sqi.o)
                              utkernel.o (__gnu_thumb1_case_sqi)
/usr/lib/gcc/arm-none-eabi/15.2.0/thumb/v6-m/nofp/libgcc.a(_thumb1_case_uqi.o)
                              utkernel.o (__gnu_thumb1_case_uqi)
/usr/lib/gcc/arm-none-eabi/15.2.0/thumb/v6-m/nofp/libgcc.a(_thumb1_case_shi.o)
                              utkernel.o (__gnu_thumb1_case_shi)
/usr/lib/gcc/arm-none-eabi/15.2.0/thumb/v6-m/nofp/libgcc.a(_udivsi3.o)
                              utkernel.o (__aeabi_uidivmod)
/usr/lib/gcc/arm-none-eabi/15.2.0/thumb/v6-m/nofp/libgcc.a(_dvmd_tls.o)
                              /usr/lib/gcc/arm-none-eabi/15.2.0/thumb/v6-m/nofp/libgcc.a(_udivsi3.o) (__aeabi_idiv0)
/usr/lib/gcc/arm-none-eabi/15.2.0/thumb/v6-m/nofp/libgcc.a(_arm_cmpdf2.o)
                              utkernel.o (__aeabi_dcmpeq)
/usr/lib/gcc/arm-none-eabi/15.2.0/thumb/v6-m/nofp/libgcc.a(_arm_cmpsf2.o)
                              utkernel.o (__aeabi_fcmpeq)
/usr/lib/gcc/arm-none-eabi/15.2.0/thumb/v6-m/nofp/libgcc.a(_aeabi_uldivmod.o)
                              utkernel.o (__aeabi_uldivmod)
/usr/lib/gcc/arm-none-eabi/15.2.0/thumb/v6-m/nofp/libgcc.a(_muldi3.o)
                              utkernel.o (__aeabi_lmul)
/usr/lib/gcc/arm-none-eabi/15.2.0/thumb/v6-m/nofp/libgcc.a(_fixunssfsi.o)
                              utkernel.o (__aeabi_f2uiz)
/usr/lib/gcc/arm-none-eabi/15.2.0/thumb/v6-m/nofp/libgcc.a(_fixunsdfsi.o)
                              utkernel.o (__aeabi_d2uiz)
/usr/lib/gcc/arm-none-eabi/15.2.0/thumb/v6-m/nofp/libgcc.a(_udivmoddi4.o)
                              /usr/lib/gcc/arm-none-eabi/15.2.0/thumb/v6-m/nofp/libgcc.a(_aeabi_uldivmod.o) (__udivmoddi4)
/usr/lib/gcc/arm-none-eabi/15.2.0/thumb/v6-m/nofp/libgcc.a(eqsf2.o)
                              /usr/lib/gcc/arm-none-eabi/15.2.0/thumb/v6-m/nofp/libgcc.a(_arm_cmpsf2.o) (__eqsf2)
/usr/lib/gcc/arm-none-eabi/15.2.0/thumb/v6-m/nofp/libgcc.a(gesf2.o)
                              /usr/lib/gcc/arm-none-eabi/15.2.0/thumb/v6-m/nofp/libgcc.a(_arm_cmpsf2.o) (__gesf2)
/usr/lib/gcc/arm-none-eabi/15.2.0/thumb/v6-m/nofp/libgcc.a(lesf2.o)
                              /usr/lib/gcc/arm-none-eabi/15.2.0/thumb/v6-m/nofp/libgcc.a(_arm_cmpsf2.o) (__lesf2)
/usr/lib/gcc/arm-none-eabi/15.2.0/thumb/v6-m/nofp/libgcc.a(subsf3.o)
                              /usr/lib/gcc/arm-none-eabi/15.2.0/thumb/v6-m/nofp/libgcc.a(_fixunssfsi.o) (__aeabi_fsub)
/usr/lib/gcc/arm-none-eabi/15.2.0/thumb/v6-m/nofp/libgcc.a(fixsfsi.o)
                              /usr/lib/gcc/arm-none-eabi/15.2.0/thumb/v6-m/nofp/libgcc.a(_fixunssfsi.o) (__aeabi_f2iz)
/usr/lib/gcc/arm-none-eabi/15.2.0/thumb/v6-m/nofp/libgcc.a(adddf3.o)
                              utkernel.o (__aeabi_dadd)
/usr/lib/gcc/arm-none-eabi/15.2.0/thumb/v6-m/nofp/libgcc.a(divdf3.o)
                              utkernel.o (__aeabi_ddiv)
/usr/lib/gcc/arm-none-eabi/15.2.0/thumb/v6-m/nofp/libgcc.a(eqdf2.o)
                              /usr/lib/gcc/arm-none-eabi/15.2.0/thumb/v6-m/nofp/libgcc.a(_arm_cmpdf2.o) (__eqdf2)
/usr/lib/gcc/arm-none-eabi/15.2.0/thumb/v6-m/nofp/libgcc.a(gedf2.o)
                              /usr/lib/gcc/arm-none-eabi/15.2.0/thumb/v6-m/nofp/libgcc.a(_arm_cmpdf2.o) (__gedf2)
/usr/lib/gcc/arm-none-eabi/15.2.0/thumb/v6-m/nofp/libgcc.a(ledf2.o)
                              /usr/lib/gcc/arm-none-eabi/15.2.0/thumb/v6-m/nofp/libgcc.a(_arm_cmpdf2.o) (__ledf2)
/usr/lib/gcc/arm-none-eabi/15.2.0/thumb/v6-m/nofp/libgcc.a(muldf3.o)
                              utkernel.o (__aeabi_dmul)
/usr/lib/gcc/arm-none-eabi/15.2.0/thumb/v6-m/nofp/libgcc.a(subdf3.o)
                              /usr/lib/gcc/arm-none-eabi/15.2.0/thumb/v6-m/nofp/libgcc.a(_fixunsdfsi.o) (__aeabi_dsub)
/usr/lib/gcc/arm-none-eabi/15.2.0/thumb/v6-m/nofp/libgcc.a(fixdfsi.o)
                              /usr/lib/gcc/arm-none-eabi/15.2.0/thumb/v6-m/nofp/libgcc.a(_fixunsdfsi.o) (__aeabi_d2iz)
/usr/lib/gcc/arm-none-eabi/15.2.0/thumb/v6-m/nofp/libgcc.a(floatsidf.o)
                              utkernel.o (__aeabi_i2d)
/usr/lib/gcc/arm-none-eabi/15.2.0/thumb/v6-m/nofp/libgcc.a(extendsfdf2.o)
                              utkernel.o (__aeabi_f2d)
/usr/lib/gcc/arm-none-eabi/15.2.0/thumb/v6-m/nofp/libgcc.a(_clzsi2.o)
                              /usr/lib/gcc/arm-none-eabi/15.2.0/thumb/v6-m/nofp/libgcc.a(subsf3.o) (__clzsi2)
/usr/lib/gcc/arm-none-eabi/15.2.0/thumb/v6-m/nofp/libgcc.a(_clzdi2.o)
                              /usr/lib/gcc/arm-none-eabi/15.2.0/thumb/v6-m/nofp/libgcc.a(_udivmoddi4.o) (__clzdi2)

Discarded input sections

 .text          0x00000000        0x0 utkernel.o
 .data          0x00000000        0x0 utkernel.o
 .bss           0x00000000        0x0 utkernel.o
 .text.list_item$1char$$p_finalize
                0x00000000        0x8 utkernel.o
 .text.list_item$1char$p$p_finalize
                0x00000000        0x8 utkernel.o
 .text.list_item$1short$$p_finalize
                0x00000000        0x8 utkernel.o
 .text.list_item$1int$$p_finalize
                0x00000000        0x8 utkernel.o
 .text.list_item$1long$$p_finalize
                0x00000000        0x8 utkernel.o
 .text.list_item$1float$$p_finalize
                0x00000000        0x8 utkernel.o
 .text.list_item$1double$$p_finalize
                0x00000000        0x8 utkernel.o
 .text.exit     0x00000000        0x2 utkernel.o
 .text.__append_char
                0x00000000       0x38 utkernel.o
 .text.__append_str
                0x00000000       0x48 utkernel.o
 .text.strcmp   0x00000000       0x3c utkernel.o
 .text.strstr   0x00000000       0x4c utkernel.o
 .rodata.default_handler.str1.1
                0x00000000       0x23 utkernel.o
 .text.default_handler
                0x00000000       0x38 utkernel.o
 .rodata.memcmp.str1.1
                0x00000000        0x7 utkernel.o
 .text.memcmp   0x00000000       0x6c utkernel.o
 .text.memchr   0x00000000       0x54 utkernel.o
 .text.realloc  0x00000000       0xb0 utkernel.o
 .text.strncmp  0x00000000       0x48 utkernel.o
 .text.strcpy   0x00000000       0x44 utkernel.o
 .text.strchr   0x00000000       0x3c utkernel.o
 .text.strrchr  0x00000000       0x38 utkernel.o
 .text.strndup  0x00000000       0x78 utkernel.o
 .text.arg_file_capacity
                0x00000000       0x3c utkernel.o
 .text.arg_lit_reset
                0x00000000       0x18 utkernel.o
 .text.arg_file_reset
                0x00000000       0x64 utkernel.o
 .text.arg_end_reset
                0x00000000       0x58 utkernel.o
 .text.arg_add_error
                0x00000000       0x3c utkernel.o
 .text.arg_has_capacity
                0x00000000       0x20 utkernel.o
 .text.arg_litn
                0x00000000       0x68 utkernel.o
 .text.arg_filen
                0x00000000       0xb4 utkernel.o
 .text.arg_end  0x00000000       0x80 utkernel.o
 .text.argtable_reset
                0x00000000       0x88 utkernel.o
 .text.argtable_entries
                0x00000000       0x6c utkernel.o
 .rodata.arg_long_match.str1.1
                0x00000000        0xf utkernel.o
 .text.arg_long_match
                0x00000000       0xa0 utkernel.o
 .rodata.arg_find_short.str1.1
                0x00000000        0xf utkernel.o
 .text.arg_find_short
                0x00000000       0x88 utkernel.o
 .rodata.arg_find_long.str1.1
                0x00000000        0xe utkernel.o
 .text.arg_find_long
                0x00000000       0x78 utkernel.o
 .rodata.arg_find_positional.str1.1
                0x00000000       0x14 utkernel.o
 .text.arg_find_positional
                0x00000000       0xa4 utkernel.o
 .text.arg_file_add
                0x00000000       0x78 utkernel.o
 .text.arg_freetable
                0x00000000       0x8c utkernel.o
 .text.isprint  0x00000000       0x1c utkernel.o
 .text.isspace  0x00000000       0x20 utkernel.o
 .text.isalpha  0x00000000       0x20 utkernel.o
 .text.isdigit  0x00000000       0x1c utkernel.o
 .text.isalnum  0x00000000       0x20 utkernel.o
 .rodata.strcat.str1.1
                0x00000000        0x7 utkernel.o
 .text.strcat   0x00000000       0x68 utkernel.o
 .rodata.strncat.str1.1
                0x00000000        0x8 utkernel.o
 .text.strncat  0x00000000       0x88 utkernel.o
 .text.__is_digit
                0x00000000       0x1c utkernel.o
 .text.__buf_putc
                0x00000000       0x48 utkernel.o
 .text.__str_putc
                0x00000000       0x3c utkernel.o
 .text.__minux_parse_unsigned
                0x00000000      0x19c utkernel.o
 .rodata.strtoul.str1.1
                0x00000000        0x8 utkernel.o
 .text.strtoul  0x00000000       0x88 utkernel.o
 .rodata.strtoull.str1.1
                0x00000000        0x9 utkernel.o
 .text.strtoull
                0x00000000       0x90 utkernel.o
 .rodata.strtol.str1.1
                0x00000000        0x7 utkernel.o
 .text.strtol   0x00000000       0x88 utkernel.o
 .rodata.strtoll.str1.1
                0x00000000        0x8 utkernel.o
 .text.strtoll  0x00000000       0x98 utkernel.o
 .text.atol     0x00000000       0x18 utkernel.o
 .text.atoi     0x00000000       0x18 utkernel.o
 .text.__tolower
                0x00000000       0x18 utkernel.o
 .text.strncasecmp
                0x00000000       0xa0 utkernel.o
 .rodata.strerror.str1.1
                0x00000000       0xe7 utkernel.o
 .text.strerror
                0x00000000       0xb0 utkernel.o
 .text.ispunct  0x00000000       0x24 utkernel.o
 .rodata.strtok.str1.1
                0x00000000        0x7 utkernel.o
 .text.strtok   0x00000000       0xb0 utkernel.o
 .text.isxdigit
                0x00000000       0x28 utkernel.o
 .text.__minux_isspace
                0x00000000        0x8 utkernel.o
 .text.neo_frame_is_alive
                0x00000000       0x2c utkernel.o
 .text.buffer_length
                0x00000000       0x14 utkernel.o
 .text.buffer_reset
                0x00000000       0x28 utkernel.o
 .text.buffer_trim
                0x00000000       0x40 utkernel.o
 .text.buffer_compare
                0x00000000       0x2c utkernel.o
 .text.buffer_head_pointer
                0x00000000       0x14 utkernel.o
 .text.bool_equals
                0x00000000       0x18 utkernel.o
 .text._Bool_equals
                0x00000000        0x8 utkernel.o
 .text.char_equals
                0x00000000       0x18 utkernel.o
 .text.short_equals
                0x00000000       0x18 utkernel.o
 .text.int_equals
                0x00000000       0x18 utkernel.o
 .text.long_equals
                0x00000000        0x8 utkernel.o
 .text.size_t_equals
                0x00000000       0x18 utkernel.o
 .text.float_equals
                0x00000000       0x18 utkernel.o
 .text.double_equals
                0x00000000       0x20 utkernel.o
 .text.bool_operator_equals
                0x00000000        0x8 utkernel.o
 .text._Bool_operator_equals
                0x00000000        0x8 utkernel.o
 .text.char_operator_equals
                0x00000000        0x8 utkernel.o
 .text.short_operator_equals
                0x00000000        0x8 utkernel.o
 .text.int_operator_equals
                0x00000000        0x8 utkernel.o
 .text.long_operator_equals
                0x00000000        0x8 utkernel.o
 .text.bool_operator_not_equals
                0x00000000       0x10 utkernel.o
 .text._Bool_operator_not_equals
                0x00000000        0x8 utkernel.o
 .text.char_operator_not_equals
                0x00000000       0x18 utkernel.o
 .text.short_operator_not_equals
                0x00000000       0x18 utkernel.o
 .text.int_operator_not_equals
                0x00000000       0x18 utkernel.o
 .text.long_operator_not_equals
                0x00000000        0x8 utkernel.o
 .text.charp_equals
                0x00000000       0x34 utkernel.o
 .text.string_equals
                0x00000000       0x34 utkernel.o
 .text.voidp_equals
                0x00000000       0x18 utkernel.o
 .text.boolp_equals
                0x00000000       0x1c utkernel.o
 .text.string_operator_equals
                0x00000000       0x34 utkernel.o
 .text.charp_operator_equals
                0x00000000       0x34 utkernel.o
 .text.chara_operator_equals
                0x00000000       0x2c utkernel.o
 .text.voidp_operator_equals
                0x00000000        0x8 utkernel.o
 .text.voidp_operator_not_equals
                0x00000000       0x1c utkernel.o
 .text.string_operator_not_equals
                0x00000000       0x30 utkernel.o
 .text.charp_operator_not_equals
                0x00000000       0x30 utkernel.o
 .text.chara_operator_not_equals
                0x00000000       0x30 utkernel.o
 .rodata.charpa_contained.str1.1
                0x00000000       0x11 utkernel.o
 .text.charpa_contained
                0x00000000       0x88 utkernel.o
 .text.shorta_length
                0x00000000       0x10 utkernel.o
 .text.inta_length
                0x00000000        0x8 utkernel.o
 .text.longa_length
                0x00000000        0x8 utkernel.o
 .text.floata_length
                0x00000000        0x8 utkernel.o
 .text.doublea_length
                0x00000000        0x8 utkernel.o
 .text.char_get_hash_key
                0x00000000       0x10 utkernel.o
 .text.short_get_hash_key
                0x00000000       0x10 utkernel.o
 .text.int_get_hash_key
                0x00000000       0x10 utkernel.o
 .text.bool_get_hash_key
                0x00000000       0x14 utkernel.o
 .text._Bool_get_hash_key
                0x00000000        0x8 utkernel.o
 .text.long_get_hash_key
                0x00000000        0x8 utkernel.o
 .text.size_t_get_hash_key
                0x00000000       0x10 utkernel.o
 .text.float_get_hash_key
                0x00000000       0x14 utkernel.o
 .text.double_get_hash_key
                0x00000000       0x14 utkernel.o
 .text.charp_get_hash_key
                0x00000000       0x50 utkernel.o
 .rodata.string_get_hash_key.str1.1
                0x00000000       0x14 utkernel.o
 .text.string_get_hash_key
                0x00000000       0x64 utkernel.o
 .text.voidp_get_hash_key
                0x00000000       0x14 utkernel.o
 .text.bool_clone
                0x00000000       0x10 utkernel.o
 .text._Bool_clone
                0x00000000        0x8 utkernel.o
 .text.char_clone
                0x00000000       0x10 utkernel.o
 .text.short_clone
                0x00000000       0x10 utkernel.o
 .text.int_clone
                0x00000000       0x10 utkernel.o
 .text.long_clone
                0x00000000        0x8 utkernel.o
 .text.size_t_clone
                0x00000000        0x8 utkernel.o
 .text.double_clone
                0x00000000       0x10 utkernel.o
 .text.float_clone
                0x00000000       0x10 utkernel.o
 .text.xisalpha
                0x00000000       0x48 utkernel.o
 .text.xisblank
                0x00000000       0x20 utkernel.o
 .text.xisdigit
                0x00000000       0x1c utkernel.o
 .text.xisspace
                0x00000000       0x24 utkernel.o
 .text.xisalnum
                0x00000000       0x20 utkernel.o
 .text.xisascii
                0x00000000       0x44 utkernel.o
 .text.xispunct
                0x00000000       0x34 utkernel.o
 .text.string_length
                0x00000000       0x1c utkernel.o
 .text.charp_length
                0x00000000        0x8 utkernel.o
 .text.chara_length
                0x00000000        0x8 utkernel.o
 .rodata.arg_print_syntax.str1.1
                0x00000000       0x36 utkernel.o
 .text.arg_print_syntax
                0x00000000      0x18c utkernel.o
 .rodata.arg_print_errors.str1.1
                0x00000000       0x89 utkernel.o
 .text.arg_print_errors
                0x00000000      0x114 utkernel.o
 .rodata.arg_parse.str1.1
                0x00000000       0xb3 utkernel.o
 .text.arg_parse
                0x00000000      0x364 utkernel.o
 .rodata.__fmt_num.str1.1
                0x00000000        0xa utkernel.o
 .text.__fmt_num
                0x00000000       0xa4 utkernel.o
 .rodata.vsnprintf.str1.1
                0x00000000        0xa utkernel.o
 .text.vsnprintf
                0x00000000       0x74 utkernel.o
 .rodata.vsprintf.str1.1
                0x00000000        0x9 utkernel.o
 .text.vsprintf
                0x00000000       0x54 utkernel.o
 .rodata.atexit.str1.1
                0x00000000        0x7 utkernel.o
 .text.atexit   0x00000000       0x68 utkernel.o
 .rodata.__run_atexit.str1.1
                0x00000000        0xd utkernel.o
 .text.__run_atexit
                0x00000000       0x84 utkernel.o
 .rodata.strtod.str1.1
                0x00000000       0x18 utkernel.o
 .text.strtod   0x00000000      0x28c utkernel.o
 .rodata.stackframe_v2.str1.1
                0x00000000        0xe utkernel.o
 .text.stackframe_v2
                0x00000000       0x30 utkernel.o
 .text.come_get_ref_count
                0x00000000       0x68 utkernel.o
 .rodata.buffer_finalize.str1.1
                0x00000000       0x10 utkernel.o
 .text.buffer_finalize
                0x00000000       0x60 utkernel.o
 .rodata.list_item$1char$ph$p_finalize.str1.1
                0x00000000       0x1e utkernel.o
 .text.list_item$1char$ph$p_finalize
                0x00000000       0x5c utkernel.o
 .rodata.buffer_append.str1.1
                0x00000000       0x14 utkernel.o
 .text.buffer_append
                0x00000000      0x148 utkernel.o
 .rodata.buffer_append_char.str1.1
                0x00000000       0x13 utkernel.o
 .text.buffer_append_char
                0x00000000      0x130 utkernel.o
 .rodata.buffer_append_str.str1.1
                0x00000000       0x12 utkernel.o
 .text.buffer_append_str
                0x00000000      0x154 utkernel.o
 .rodata.buffer_append_format.str1.1
                0x00000000       0x15 utkernel.o
 .text.buffer_append_format
                0x00000000      0x1d0 utkernel.o
 .rodata.buffer_append_nullterminated_str.str1.1
                0x00000000       0x21 utkernel.o
 .text.buffer_append_nullterminated_str
                0x00000000      0x160 utkernel.o
 .rodata.buffer_append_int.str1.1
                0x00000000       0x12 utkernel.o
 .text.buffer_append_int
                0x00000000      0x14c utkernel.o
 .rodata.buffer_append_long.str1.1
                0x00000000       0x13 utkernel.o
 .text.buffer_append_long
                0x00000000      0x14c utkernel.o
 .rodata.buffer_append_short.str1.1
                0x00000000       0x14 utkernel.o
 .text.buffer_append_short
                0x00000000      0x154 utkernel.o
 .rodata.buffer_alignment.str1.1
                0x00000000       0x11 utkernel.o
 .text.buffer_alignment
                0x00000000      0x148 utkernel.o
 .rodata.buffer_to_string.str1.1
                0x00000000       0x11 utkernel.o
 .text.buffer_to_string
                0x00000000       0xdc utkernel.o
 .rodata.buffer_equals.str1.1
                0x00000000        0xe utkernel.o
 .text.buffer_equals
                0x00000000       0x9c utkernel.o
 .rodata.buffer_printable.str1.1
                0x00000000       0x11 utkernel.o
 .text.buffer_printable
                0x00000000      0x130 utkernel.o
 .rodata.charp_operator_add.str1.1
                0x00000000       0x13 utkernel.o
 .text.charp_operator_add
                0x00000000      0x154 utkernel.o
 .rodata.string_operator_add.str1.1
                0x00000000       0x14 utkernel.o
 .text.string_operator_add
                0x00000000      0x154 utkernel.o
 .rodata.charp_reverse.str1.1
                0x00000000        0xe utkernel.o
 .text.charp_reverse
                0x00000000      0x158 utkernel.o
 .rodata.charp_substring.str1.1
                0x00000000       0x10 utkernel.o
 .text.charp_substring
                0x00000000      0x298 utkernel.o
 .rodata.string_operator_load_range_element.str1.1
                0x00000000       0x23 utkernel.o
 .text.string_operator_load_range_element
                0x00000000      0x298 utkernel.o
 .rodata.charp_operator_load_range_element.str1.1
                0x00000000       0x22 utkernel.o
 .text.charp_operator_load_range_element
                0x00000000      0x298 utkernel.o
 .rodata.charp_delete.str1.1
                0x00000000        0xd utkernel.o
 .text.charp_delete
                0x00000000      0x294 utkernel.o
 .rodata.charp_xsprintf.str1.1
                0x00000000        0xf utkernel.o
 .text.charp_xsprintf
                0x00000000       0x98 utkernel.o
 .rodata.int_xsprintf.str1.1
                0x00000000        0xd utkernel.o
 .text.int_xsprintf
                0x00000000       0x98 utkernel.o
 .rodata.charp_printable.str1.1
                0x00000000       0x10 utkernel.o
 .text.charp_printable
                0x00000000      0x19c utkernel.o
 .rodata.chara_printable.str1.1
                0x00000000       0x10 utkernel.o
 .text.chara_printable
                0x00000000       0x8c utkernel.o
 .rodata.xbasename.str1.1
                0x00000000        0xa utkernel.o
 .text.xbasename
                0x00000000      0x158 utkernel.o
 .rodata.xnoextname.str1.1
                0x00000000        0xb utkernel.o
 .text.xnoextname
                0x00000000      0x1b4 utkernel.o
 .rodata.xextname.str1.1
                0x00000000        0x9 utkernel.o
 .text.xextname
                0x00000000      0x158 utkernel.o
 .rodata.bool_to_string.str1.1
                0x00000000       0x1a utkernel.o
 .text.bool_to_string
                0x00000000       0xe8 utkernel.o
 .rodata._Bool_to_string.str1.1
                0x00000000       0x10 utkernel.o
 .text._Bool_to_string
                0x00000000       0xec utkernel.o
 .rodata.char_to_string.str1.1
                0x00000000       0x12 utkernel.o
 .text.char_to_string
                0x00000000       0x94 utkernel.o
 .rodata.short_to_string.str1.1
                0x00000000       0x10 utkernel.o
 .text.short_to_string
                0x00000000       0x94 utkernel.o
 .rodata.long_to_string.str1.1
                0x00000000       0x13 utkernel.o
 .text.long_to_string
                0x00000000       0x98 utkernel.o
 .rodata.size_t_to_string.str1.1
                0x00000000       0x11 utkernel.o
 .text.size_t_to_string
                0x00000000       0x94 utkernel.o
 .rodata.float_to_string.str1.1
                0x00000000       0x13 utkernel.o
 .text.float_to_string
                0x00000000       0x9c utkernel.o
 .rodata.double_to_string.str1.1
                0x00000000       0x15 utkernel.o
 .text.double_to_string
                0x00000000       0x98 utkernel.o
 .rodata.string_to_string.str1.1
                0x00000000       0x11 utkernel.o
 .text.string_to_string
                0x00000000       0xe4 utkernel.o
 .rodata.list$1char$ph_push_back.isra.0.str1.1
                0x00000000       0x33 utkernel.o
 .text.list$1char$ph_push_back.isra.0
                0x00000000      0x1e4 utkernel.o
 .rodata.come_memleak_checker.str1.1
                0x00000000       0x54 utkernel.o
 .text.come_memleak_checker
                0x00000000       0xf8 utkernel.o
 .rodata.come_dynamic_typeof.str1.1
                0x00000000       0x30 utkernel.o
 .text.come_dynamic_typeof
                0x00000000       0x7c utkernel.o
 .rodata.dynamic_sizeof.str1.1
                0x00000000        0xf utkernel.o
 .text.dynamic_sizeof
                0x00000000       0x88 utkernel.o
 .rodata.come_print_ref_count.str1.1
                0x00000000       0x24 utkernel.o
 .text.come_print_ref_count
                0x00000000       0x70 utkernel.o
 .rodata.xassert.str1.1
                0x00000000       0x11 utkernel.o
 .text.xassert  0x00000000       0x5c utkernel.o
 .rodata.snprintf.str1.1
                0x00000000        0x9 utkernel.o
 .text.snprintf
                0x00000000       0x94 utkernel.o
 .rodata.arg_print_joined_option.str1.1
                0x00000000       0x1b utkernel.o
 .text.arg_print_joined_option
                0x00000000      0x138 utkernel.o
 .rodata.arg_print_glossary.str1.1
                0x00000000       0x13 utkernel.o
 .text.arg_print_glossary
                0x00000000       0xc8 utkernel.o
 .rodata.sprintf.str1.1
                0x00000000        0x8 utkernel.o
 .text.sprintf  0x00000000       0x90 utkernel.o
 .rodata.sscanf.str1.1
                0x00000000        0x7 utkernel.o
 .text.sscanf   0x00000000      0x680 utkernel.o
 .rodata.list$1char$$p_finalize.str1.1
                0x00000000       0x33 utkernel.o
 .text.list$1char$$p_finalize
                0x00000000       0x80 utkernel.o
 .rodata.list$1char$p$p_finalize.str1.1
                0x00000000       0x18 utkernel.o
 .text.list$1char$p$p_finalize
                0x00000000       0x80 utkernel.o
 .rodata.list$1short$$p_finalize.str1.1
                0x00000000       0x18 utkernel.o
 .text.list$1short$$p_finalize
                0x00000000       0x84 utkernel.o
 .rodata.list$1int$$p_finalize.str1.1
                0x00000000       0x16 utkernel.o
 .text.list$1int$$p_finalize
                0x00000000       0x84 utkernel.o
 .rodata.list$1long$$p_finalize.str1.1
                0x00000000       0x17 utkernel.o
 .text.list$1long$$p_finalize
                0x00000000       0x84 utkernel.o
 .rodata.list$1float$$p_finalize.str1.1
                0x00000000       0x18 utkernel.o
 .text.list$1float$$p_finalize
                0x00000000       0x84 utkernel.o
 .rodata.list$1double$$p_finalize.str1.1
                0x00000000       0x19 utkernel.o
 .text.list$1double$$p_finalize
                0x00000000       0x84 utkernel.o
 .rodata.list$1char$ph$p_finalize.str1.1
                0x00000000       0x19 utkernel.o
 .text.list$1char$ph$p_finalize
                0x00000000       0x84 utkernel.o
 .rodata.buffer_initialize.str1.1
                0x00000000       0x12 utkernel.o
 .text.buffer_initialize
                0x00000000       0xec utkernel.o
 .rodata.buffer_initialize_with_value.str1.1
                0x00000000       0x1d utkernel.o
 .text.buffer_initialize_with_value
                0x00000000       0xf8 utkernel.o
 .rodata.buffer_clone.str1.1
                0x00000000       0x1d utkernel.o
 .text.buffer_clone
                0x00000000      0x164 utkernel.o
 .rodata.charp_to_buffer.str1.1
                0x00000000       0x10 utkernel.o
 .text.charp_to_buffer
                0x00000000      0x138 utkernel.o
 .rodata.chara_to_buffer.str1.1
                0x00000000       0x10 utkernel.o
 .text.chara_to_buffer
                0x00000000      0x13c utkernel.o
 .rodata.charpa_to_buffer.str1.1
                0x00000000       0x11 utkernel.o
 .text.charpa_to_buffer
                0x00000000      0x158 utkernel.o
 .rodata.shorta_to_buffer.str1.1
                0x00000000       0x11 utkernel.o
 .text.shorta_to_buffer
                0x00000000      0x13c utkernel.o
 .rodata.inta_to_buffer.str1.1
                0x00000000        0xf utkernel.o
 .text.inta_to_buffer
                0x00000000      0x13c utkernel.o
 .rodata.longa_to_buffer.str1.1
                0x00000000       0x10 utkernel.o
 .text.longa_to_buffer
                0x00000000      0x13c utkernel.o
 .rodata.floata_to_buffer.str1.1
                0x00000000       0x11 utkernel.o
 .text.floata_to_buffer
                0x00000000      0x13c utkernel.o
 .rodata.doublea_to_buffer.str1.1
                0x00000000       0x12 utkernel.o
 .text.doublea_to_buffer
                0x00000000      0x13c utkernel.o
 .rodata.chara_to_list.str1.1
                0x00000000       0x74 utkernel.o
 .text.chara_to_list
                0x00000000      0x234 utkernel.o
 .rodata.charpa_to_list.str1.1
                0x00000000       0x79 utkernel.o
 .text.charpa_to_list
                0x00000000      0x234 utkernel.o
 .rodata.shorta_to_list.str1.1
                0x00000000       0x79 utkernel.o
 .text.shorta_to_list
                0x00000000      0x24c utkernel.o
 .rodata.inta_to_list.str1.1
                0x00000000       0x6f utkernel.o
 .text.inta_to_list
                0x00000000      0x250 utkernel.o
 .rodata.longa_to_list.str1.1
                0x00000000       0x74 utkernel.o
 .text.longa_to_list
                0x00000000      0x250 utkernel.o
 .rodata.floata_to_list.str1.1
                0x00000000       0x79 utkernel.o
 .text.floata_to_list
                0x00000000      0x250 utkernel.o
 .rodata.doublea_to_list.str1.1
                0x00000000       0x7e utkernel.o
 .text.doublea_to_list
                0x00000000      0x260 utkernel.o
 .rodata.charp_operator_mult.str1.1
                0x00000000       0x14 utkernel.o
 .text.charp_operator_mult
                0x00000000      0x178 utkernel.o
 .rodata.string_operator_mult.str1.1
                0x00000000       0x15 utkernel.o
 .text.string_operator_mult
                0x00000000      0x178 utkernel.o
 .rodata.list$1char$ph_initialize.str1.1
                0x00000000       0x19 utkernel.o
 .text.list$1char$ph_initialize
                0x00000000       0xa0 utkernel.o
 .rodata.charp_split_char.str1.1
                0x00000000       0x27 utkernel.o
 .text.charp_split_char
                0x00000000      0x270 utkernel.o
 .rodata.charp_sub_plain.str1.1
                0x00000000       0x10 utkernel.o
 .text.charp_sub_plain
                0x00000000      0x1c8 utkernel.o
 .rodata.die.str1.1
                0x00000000        0xd utkernel.o
 .text.die      0x00000000       0xf8 utkernel.o
 .rodata.come_memdup.str1.1
                0x00000000        0xc utkernel.o
 .text.come_memdup
                0x00000000      0x140 utkernel.o
 .rodata.come_null_checker.str1.1
                0x00000000       0x33 utkernel.o
 .text.come_null_checker
                0x00000000       0xe0 utkernel.o
 .rodata.come_heap_checker.str1.1
                0x00000000       0x53 utkernel.o
 .text.come_heap_checker
                0x00000000      0x184 utkernel.o
 .text.bool_compare
                0x00000000       0x1c utkernel.o
 .text._Bool_compare
                0x00000000        0x8 utkernel.o
 .text.char_compare
                0x00000000       0x1c utkernel.o
 .text.short_compare
                0x00000000       0x24 utkernel.o
 .text.int_compare
                0x00000000       0x24 utkernel.o
 .text.long_compare
                0x00000000        0x8 utkernel.o
 .text.size_t_compare
                0x00000000       0x1c utkernel.o
 .text.float_compare
                0x00000000       0x30 utkernel.o
 .text.double_compare
                0x00000000       0x3c utkernel.o
 .text.string_compare
                0x00000000       0x2c utkernel.o
 .text.charp_compare
                0x00000000       0x2c utkernel.o
 .rodata.charp_puts.str1.1
                0x00000000        0xb utkernel.o
 .text.charp_puts
                0x00000000       0xec utkernel.o
 .rodata.charp_print.str1.1
                0x00000000        0xc utkernel.o
 .text.charp_print
                0x00000000       0xf4 utkernel.o
 .rodata.charp_printf.str1.1
                0x00000000        0xd utkernel.o
 .text.charp_printf
                0x00000000      0x130 utkernel.o
 .rodata.int_printf.str1.1
                0x00000000        0xb utkernel.o
 .text.int_printf
                0x00000000       0x40 utkernel.o
 .rodata.long_printf.str1.1
                0x00000000        0xc utkernel.o
 .text.long_printf
                0x00000000       0x40 utkernel.o
 .rodata.int_times.str1.1
                0x00000000        0xa utkernel.o
 .text.int_times
                0x00000000       0x50 utkernel.o
 .rodata.charp_index.str1.1
                0x00000000        0xc utkernel.o
 .text.charp_index
                0x00000000       0x5c utkernel.o
 .text.string_index
                0x00000000       0x14 utkernel.o
 .bss.__strtok_save
                0x00000000        0x4 utkernel.o
 .bss.__atexit_count
                0x00000000        0x4 utkernel.o
 .rodata._ctype_
                0x00000000      0x101 utkernel.o
 .bss.__atexit_funcs
                0x00000000       0x80 utkernel.o
 .data          0x00000000        0x0 /usr/lib/gcc/arm-none-eabi/15.2.0/thumb/v6-m/nofp/libgcc.a(_thumb1_case_sqi.o)
 .bss           0x00000000        0x0 /usr/lib/gcc/arm-none-eabi/15.2.0/thumb/v6-m/nofp/libgcc.a(_thumb1_case_sqi.o)
 .text          0x00000000       0x14 /usr/lib/gcc/arm-none-eabi/15.2.0/thumb/v6-m/nofp/libgcc.a(_thumb1_case_uqi.o)
 .data          0x00000000        0x0 /usr/lib/gcc/arm-none-eabi/15.2.0/thumb/v6-m/nofp/libgcc.a(_thumb1_case_uqi.o)
 .bss           0x00000000        0x0 /usr/lib/gcc/arm-none-eabi/15.2.0/thumb/v6-m/nofp/libgcc.a(_thumb1_case_uqi.o)
 .debug_line    0x00000000       0x52 /usr/lib/gcc/arm-none-eabi/15.2.0/thumb/v6-m/nofp/libgcc.a(_thumb1_case_uqi.o)
 .debug_line_str
                0x00000000       0xc6 /usr/lib/gcc/arm-none-eabi/15.2.0/thumb/v6-m/nofp/libgcc.a(_thumb1_case_uqi.o)
 .debug_info    0x00000000       0x31 /usr/lib/gcc/arm-none-eabi/15.2.0/thumb/v6-m/nofp/libgcc.a(_thumb1_case_uqi.o)
 .debug_abbrev  0x00000000       0x28 /usr/lib/gcc/arm-none-eabi/15.2.0/thumb/v6-m/nofp/libgcc.a(_thumb1_case_uqi.o)
 .debug_aranges
                0x00000000       0x20 /usr/lib/gcc/arm-none-eabi/15.2.0/thumb/v6-m/nofp/libgcc.a(_thumb1_case_uqi.o)
 .debug_str     0x00000000       0xe8 /usr/lib/gcc/arm-none-eabi/15.2.0/thumb/v6-m/nofp/libgcc.a(_thumb1_case_uqi.o)
 .ARM.attributes
                0x00000000       0x1e /usr/lib/gcc/arm-none-eabi/15.2.0/thumb/v6-m/nofp/libgcc.a(_thumb1_case_uqi.o)
 .data          0x00000000        0x0 /usr/lib/gcc/arm-none-eabi/15.2.0/thumb/v6-m/nofp/libgcc.a(_thumb1_case_shi.o)
 .bss           0x00000000        0x0 /usr/lib/gcc/arm-none-eabi/15.2.0/thumb/v6-m/nofp/libgcc.a(_thumb1_case_shi.o)
 .data          0x00000000        0x0 /usr/lib/gcc/arm-none-eabi/15.2.0/thumb/v6-m/nofp/libgcc.a(_udivsi3.o)
 .bss           0x00000000        0x0 /usr/lib/gcc/arm-none-eabi/15.2.0/thumb/v6-m/nofp/libgcc.a(_udivsi3.o)
 .data          0x00000000        0x0 /usr/lib/gcc/arm-none-eabi/15.2.0/thumb/v6-m/nofp/libgcc.a(_dvmd_tls.o)
 .bss           0x00000000        0x0 /usr/lib/gcc/arm-none-eabi/15.2.0/thumb/v6-m/nofp/libgcc.a(_dvmd_tls.o)
 .text          0x00000000       0x7c /usr/lib/gcc/arm-none-eabi/15.2.0/thumb/v6-m/nofp/libgcc.a(_arm_cmpdf2.o)
 .data          0x00000000        0x0 /usr/lib/gcc/arm-none-eabi/15.2.0/thumb/v6-m/nofp/libgcc.a(_arm_cmpdf2.o)
 .bss           0x00000000        0x0 /usr/lib/gcc/arm-none-eabi/15.2.0/thumb/v6-m/nofp/libgcc.a(_arm_cmpdf2.o)
 .debug_line    0x00000000       0x62 /usr/lib/gcc/arm-none-eabi/15.2.0/thumb/v6-m/nofp/libgcc.a(_arm_cmpdf2.o)
 .debug_line_str
                0x00000000       0xc6 /usr/lib/gcc/arm-none-eabi/15.2.0/thumb/v6-m/nofp/libgcc.a(_arm_cmpdf2.o)
 .debug_info    0x00000000       0x7e /usr/lib/gcc/arm-none-eabi/15.2.0/thumb/v6-m/nofp/libgcc.a(_arm_cmpdf2.o)
 .debug_abbrev  0x00000000       0x28 /usr/lib/gcc/arm-none-eabi/15.2.0/thumb/v6-m/nofp/libgcc.a(_arm_cmpdf2.o)
 .debug_aranges
                0x00000000       0x20 /usr/lib/gcc/arm-none-eabi/15.2.0/thumb/v6-m/nofp/libgcc.a(_arm_cmpdf2.o)
 .debug_str     0x00000000      0x14e /usr/lib/gcc/arm-none-eabi/15.2.0/thumb/v6-m/nofp/libgcc.a(_arm_cmpdf2.o)
 .ARM.attributes
                0x00000000       0x1e /usr/lib/gcc/arm-none-eabi/15.2.0/thumb/v6-m/nofp/libgcc.a(_arm_cmpdf2.o)
 .text          0x00000000       0x74 /usr/lib/gcc/arm-none-eabi/15.2.0/thumb/v6-m/nofp/libgcc.a(_arm_cmpsf2.o)
 .data          0x00000000        0x0 /usr/lib/gcc/arm-none-eabi/15.2.0/thumb/v6-m/nofp/libgcc.a(_arm_cmpsf2.o)
 .bss           0x00000000        0x0 /usr/lib/gcc/arm-none-eabi/15.2.0/thumb/v6-m/nofp/libgcc.a(_arm_cmpsf2.o)
 .debug_line    0x00000000       0x5f /usr/lib/gcc/arm-none-eabi/15.2.0/thumb/v6-m/nofp/libgcc.a(_arm_cmpsf2.o)
 .debug_line_str
                0x00000000       0xc6 /usr/lib/gcc/arm-none-eabi/15.2.0/thumb/v6-m/nofp/libgcc.a(_arm_cmpsf2.o)
 .debug_info    0x00000000       0x7e /usr/lib/gcc/arm-none-eabi/15.2.0/thumb/v6-m/nofp/libgcc.a(_arm_cmpsf2.o)
 .debug_abbrev  0x00000000       0x28 /usr/lib/gcc/arm-none-eabi/15.2.0/thumb/v6-m/nofp/libgcc.a(_arm_cmpsf2.o)
 .debug_aranges
                0x00000000       0x20 /usr/lib/gcc/arm-none-eabi/15.2.0/thumb/v6-m/nofp/libgcc.a(_arm_cmpsf2.o)
 .debug_str     0x00000000      0x14e /usr/lib/gcc/arm-none-eabi/15.2.0/thumb/v6-m/nofp/libgcc.a(_arm_cmpsf2.o)
 .ARM.attributes
                0x00000000       0x1e /usr/lib/gcc/arm-none-eabi/15.2.0/thumb/v6-m/nofp/libgcc.a(_arm_cmpsf2.o)
 .data          0x00000000        0x0 /usr/lib/gcc/arm-none-eabi/15.2.0/thumb/v6-m/nofp/libgcc.a(_aeabi_uldivmod.o)
 .bss           0x00000000        0x0 /usr/lib/gcc/arm-none-eabi/15.2.0/thumb/v6-m/nofp/libgcc.a(_aeabi_uldivmod.o)
 .text          0x00000000       0x50 /usr/lib/gcc/arm-none-eabi/15.2.0/thumb/v6-m/nofp/libgcc.a(_muldi3.o)
 .data          0x00000000        0x0 /usr/lib/gcc/arm-none-eabi/15.2.0/thumb/v6-m/nofp/libgcc.a(_muldi3.o)
 .bss           0x00000000        0x0 /usr/lib/gcc/arm-none-eabi/15.2.0/thumb/v6-m/nofp/libgcc.a(_muldi3.o)
 .debug_info    0x00000000      0x420 /usr/lib/gcc/arm-none-eabi/15.2.0/thumb/v6-m/nofp/libgcc.a(_muldi3.o)
 .debug_abbrev  0x00000000      0x14a /usr/lib/gcc/arm-none-eabi/15.2.0/thumb/v6-m/nofp/libgcc.a(_muldi3.o)
 .debug_loclists
                0x00000000      0x11c /usr/lib/gcc/arm-none-eabi/15.2.0/thumb/v6-m/nofp/libgcc.a(_muldi3.o)
 .debug_aranges
                0x00000000       0x20 /usr/lib/gcc/arm-none-eabi/15.2.0/thumb/v6-m/nofp/libgcc.a(_muldi3.o)
 .debug_rnglists
                0x00000000       0x22 /usr/lib/gcc/arm-none-eabi/15.2.0/thumb/v6-m/nofp/libgcc.a(_muldi3.o)
 .debug_line    0x00000000      0x115 /usr/lib/gcc/arm-none-eabi/15.2.0/thumb/v6-m/nofp/libgcc.a(_muldi3.o)
 .debug_str     0x00000000      0x690 /usr/lib/gcc/arm-none-eabi/15.2.0/thumb/v6-m/nofp/libgcc.a(_muldi3.o)
 .comment       0x00000000       0x24 /usr/lib/gcc/arm-none-eabi/15.2.0/thumb/v6-m/nofp/libgcc.a(_muldi3.o)
 .debug_frame   0x00000000       0x34 /usr/lib/gcc/arm-none-eabi/15.2.0/thumb/v6-m/nofp/libgcc.a(_muldi3.o)
 .ARM.attributes
                0x00000000       0x2c /usr/lib/gcc/arm-none-eabi/15.2.0/thumb/v6-m/nofp/libgcc.a(_muldi3.o)
 .text          0x00000000       0x30 /usr/lib/gcc/arm-none-eabi/15.2.0/thumb/v6-m/nofp/libgcc.a(_fixunssfsi.o)
 .data          0x00000000        0x0 /usr/lib/gcc/arm-none-eabi/15.2.0/thumb/v6-m/nofp/libgcc.a(_fixunssfsi.o)
 .bss           0x00000000        0x0 /usr/lib/gcc/arm-none-eabi/15.2.0/thumb/v6-m/nofp/libgcc.a(_fixunssfsi.o)
 .debug_info    0x00000000      0x335 /usr/lib/gcc/arm-none-eabi/15.2.0/thumb/v6-m/nofp/libgcc.a(_fixunssfsi.o)
 .debug_abbrev  0x00000000       0xf3 /usr/lib/gcc/arm-none-eabi/15.2.0/thumb/v6-m/nofp/libgcc.a(_fixunssfsi.o)
 .debug_loclists
                0x00000000       0x2e /usr/lib/gcc/arm-none-eabi/15.2.0/thumb/v6-m/nofp/libgcc.a(_fixunssfsi.o)
 .debug_aranges
                0x00000000       0x20 /usr/lib/gcc/arm-none-eabi/15.2.0/thumb/v6-m/nofp/libgcc.a(_fixunssfsi.o)
 .debug_line    0x00000000       0xbd /usr/lib/gcc/arm-none-eabi/15.2.0/thumb/v6-m/nofp/libgcc.a(_fixunssfsi.o)
 .debug_str     0x00000000      0x67f /usr/lib/gcc/arm-none-eabi/15.2.0/thumb/v6-m/nofp/libgcc.a(_fixunssfsi.o)
 .comment       0x00000000       0x24 /usr/lib/gcc/arm-none-eabi/15.2.0/thumb/v6-m/nofp/libgcc.a(_fixunssfsi.o)
 .debug_frame   0x00000000       0x28 /usr/lib/gcc/arm-none-eabi/15.2.0/thumb/v6-m/nofp/libgcc.a(_fixunssfsi.o)
 .ARM.attributes
                0x00000000       0x2c /usr/lib/gcc/arm-none-eabi/15.2.0/thumb/v6-m/nofp/libgcc.a(_fixunssfsi.o)
 .text          0x00000000       0x38 /usr/lib/gcc/arm-none-eabi/15.2.0/thumb/v6-m/nofp/libgcc.a(_fixunsdfsi.o)
 .data          0x00000000        0x0 /usr/lib/gcc/arm-none-eabi/15.2.0/thumb/v6-m/nofp/libgcc.a(_fixunsdfsi.o)
 .bss           0x00000000        0x0 /usr/lib/gcc/arm-none-eabi/15.2.0/thumb/v6-m/nofp/libgcc.a(_fixunsdfsi.o)
 .debug_info    0x00000000      0x335 /usr/lib/gcc/arm-none-eabi/15.2.0/thumb/v6-m/nofp/libgcc.a(_fixunsdfsi.o)
 .debug_abbrev  0x00000000       0xf3 /usr/lib/gcc/arm-none-eabi/15.2.0/thumb/v6-m/nofp/libgcc.a(_fixunsdfsi.o)
 .debug_loclists
                0x00000000       0x25 /usr/lib/gcc/arm-none-eabi/15.2.0/thumb/v6-m/nofp/libgcc.a(_fixunsdfsi.o)
 .debug_aranges
                0x00000000       0x20 /usr/lib/gcc/arm-none-eabi/15.2.0/thumb/v6-m/nofp/libgcc.a(_fixunsdfsi.o)
 .debug_line    0x00000000       0xb9 /usr/lib/gcc/arm-none-eabi/15.2.0/thumb/v6-m/nofp/libgcc.a(_fixunsdfsi.o)
 .debug_str     0x00000000      0x67f /usr/lib/gcc/arm-none-eabi/15.2.0/thumb/v6-m/nofp/libgcc.a(_fixunsdfsi.o)
 .comment       0x00000000       0x24 /usr/lib/gcc/arm-none-eabi/15.2.0/thumb/v6-m/nofp/libgcc.a(_fixunsdfsi.o)
 .debug_frame   0x00000000       0x2c /usr/lib/gcc/arm-none-eabi/15.2.0/thumb/v6-m/nofp/libgcc.a(_fixunsdfsi.o)
 .ARM.attributes
                0x00000000       0x2c /usr/lib/gcc/arm-none-eabi/15.2.0/thumb/v6-m/nofp/libgcc.a(_fixunsdfsi.o)
 .data          0x00000000        0x0 /usr/lib/gcc/arm-none-eabi/15.2.0/thumb/v6-m/nofp/libgcc.a(_udivmoddi4.o)
 .bss           0x00000000        0x0 /usr/lib/gcc/arm-none-eabi/15.2.0/thumb/v6-m/nofp/libgcc.a(_udivmoddi4.o)
 .ARM.extab     0x00000000        0x0 /usr/lib/gcc/arm-none-eabi/15.2.0/thumb/v6-m/nofp/libgcc.a(_udivmoddi4.o)
 .text          0x00000000       0x58 /usr/lib/gcc/arm-none-eabi/15.2.0/thumb/v6-m/nofp/libgcc.a(eqsf2.o)
 .data          0x00000000        0x0 /usr/lib/gcc/arm-none-eabi/15.2.0/thumb/v6-m/nofp/libgcc.a(eqsf2.o)
 .bss           0x00000000        0x0 /usr/lib/gcc/arm-none-eabi/15.2.0/thumb/v6-m/nofp/libgcc.a(eqsf2.o)
 .debug_info    0x00000000      0x208 /usr/lib/gcc/arm-none-eabi/15.2.0/thumb/v6-m/nofp/libgcc.a(eqsf2.o)
 .debug_abbrev  0x00000000      0x147 /usr/lib/gcc/arm-none-eabi/15.2.0/thumb/v6-m/nofp/libgcc.a(eqsf2.o)
 .debug_loclists
                0x00000000       0x9a /usr/lib/gcc/arm-none-eabi/15.2.0/thumb/v6-m/nofp/libgcc.a(eqsf2.o)
 .debug_aranges
                0x00000000       0x20 /usr/lib/gcc/arm-none-eabi/15.2.0/thumb/v6-m/nofp/libgcc.a(eqsf2.o)
 .debug_rnglists
                0x00000000       0x23 /usr/lib/gcc/arm-none-eabi/15.2.0/thumb/v6-m/nofp/libgcc.a(eqsf2.o)
 .debug_line    0x00000000      0x18a /usr/lib/gcc/arm-none-eabi/15.2.0/thumb/v6-m/nofp/libgcc.a(eqsf2.o)
 .debug_str     0x00000000      0x20a /usr/lib/gcc/arm-none-eabi/15.2.0/thumb/v6-m/nofp/libgcc.a(eqsf2.o)
 .comment       0x00000000       0x24 /usr/lib/gcc/arm-none-eabi/15.2.0/thumb/v6-m/nofp/libgcc.a(eqsf2.o)
 .debug_frame   0x00000000       0x2c /usr/lib/gcc/arm-none-eabi/15.2.0/thumb/v6-m/nofp/libgcc.a(eqsf2.o)
 .ARM.attributes
                0x00000000       0x2c /usr/lib/gcc/arm-none-eabi/15.2.0/thumb/v6-m/nofp/libgcc.a(eqsf2.o)
 .text          0x00000000       0xa0 /usr/lib/gcc/arm-none-eabi/15.2.0/thumb/v6-m/nofp/libgcc.a(gesf2.o)
 .data          0x00000000        0x0 /usr/lib/gcc/arm-none-eabi/15.2.0/thumb/v6-m/nofp/libgcc.a(gesf2.o)
 .bss           0x00000000        0x0 /usr/lib/gcc/arm-none-eabi/15.2.0/thumb/v6-m/nofp/libgcc.a(gesf2.o)
 .debug_info    0x00000000      0x224 /usr/lib/gcc/arm-none-eabi/15.2.0/thumb/v6-m/nofp/libgcc.a(gesf2.o)
 .debug_abbrev  0x00000000      0x160 /usr/lib/gcc/arm-none-eabi/15.2.0/thumb/v6-m/nofp/libgcc.a(gesf2.o)
 .debug_loclists
                0x00000000      0x147 /usr/lib/gcc/arm-none-eabi/15.2.0/thumb/v6-m/nofp/libgcc.a(gesf2.o)
 .debug_aranges
                0x00000000       0x20 /usr/lib/gcc/arm-none-eabi/15.2.0/thumb/v6-m/nofp/libgcc.a(gesf2.o)
 .debug_rnglists
                0x00000000       0x2d /usr/lib/gcc/arm-none-eabi/15.2.0/thumb/v6-m/nofp/libgcc.a(gesf2.o)
 .debug_line    0x00000000      0x252 /usr/lib/gcc/arm-none-eabi/15.2.0/thumb/v6-m/nofp/libgcc.a(gesf2.o)
 .debug_str     0x00000000      0x22e /usr/lib/gcc/arm-none-eabi/15.2.0/thumb/v6-m/nofp/libgcc.a(gesf2.o)
 .comment       0x00000000       0x24 /usr/lib/gcc/arm-none-eabi/15.2.0/thumb/v6-m/nofp/libgcc.a(gesf2.o)
 .debug_frame   0x00000000       0x28 /usr/lib/gcc/arm-none-eabi/15.2.0/thumb/v6-m/nofp/libgcc.a(gesf2.o)
 .ARM.attributes
                0x00000000       0x2c /usr/lib/gcc/arm-none-eabi/15.2.0/thumb/v6-m/nofp/libgcc.a(gesf2.o)
 .text          0x00000000       0xa0 /usr/lib/gcc/arm-none-eabi/15.2.0/thumb/v6-m/nofp/libgcc.a(lesf2.o)
 .data          0x00000000        0x0 /usr/lib/gcc/arm-none-eabi/15.2.0/thumb/v6-m/nofp/libgcc.a(lesf2.o)
 .bss           0x00000000        0x0 /usr/lib/gcc/arm-none-eabi/15.2.0/thumb/v6-m/nofp/libgcc.a(lesf2.o)
 .debug_info    0x00000000      0x224 /usr/lib/gcc/arm-none-eabi/15.2.0/thumb/v6-m/nofp/libgcc.a(lesf2.o)
 .debug_abbrev  0x00000000      0x160 /usr/lib/gcc/arm-none-eabi/15.2.0/thumb/v6-m/nofp/libgcc.a(lesf2.o)
 .debug_loclists
                0x00000000      0x175 /usr/lib/gcc/arm-none-eabi/15.2.0/thumb/v6-m/nofp/libgcc.a(lesf2.o)
 .debug_aranges
                0x00000000       0x20 /usr/lib/gcc/arm-none-eabi/15.2.0/thumb/v6-m/nofp/libgcc.a(lesf2.o)
 .debug_rnglists
                0x00000000       0x28 /usr/lib/gcc/arm-none-eabi/15.2.0/thumb/v6-m/nofp/libgcc.a(lesf2.o)
 .debug_line    0x00000000      0x24d /usr/lib/gcc/arm-none-eabi/15.2.0/thumb/v6-m/nofp/libgcc.a(lesf2.o)
 .debug_str     0x00000000      0x22e /usr/lib/gcc/arm-none-eabi/15.2.0/thumb/v6-m/nofp/libgcc.a(lesf2.o)
 .comment       0x00000000       0x24 /usr/lib/gcc/arm-none-eabi/15.2.0/thumb/v6-m/nofp/libgcc.a(lesf2.o)
 .debug_frame   0x00000000       0x28 /usr/lib/gcc/arm-none-eabi/15.2.0/thumb/v6-m/nofp/libgcc.a(lesf2.o)
 .ARM.attributes
                0x00000000       0x2c /usr/lib/gcc/arm-none-eabi/15.2.0/thumb/v6-m/nofp/libgcc.a(lesf2.o)
 .text          0x00000000      0x494 /usr/lib/gcc/arm-none-eabi/15.2.0/thumb/v6-m/nofp/libgcc.a(subsf3.o)
 .data          0x00000000        0x0 /usr/lib/gcc/arm-none-eabi/15.2.0/thumb/v6-m/nofp/libgcc.a(subsf3.o)
 .bss           0x00000000        0x0 /usr/lib/gcc/arm-none-eabi/15.2.0/thumb/v6-m/nofp/libgcc.a(subsf3.o)
 .debug_info    0x00000000      0x32f /usr/lib/gcc/arm-none-eabi/15.2.0/thumb/v6-m/nofp/libgcc.a(subsf3.o)
 .debug_abbrev  0x00000000      0x172 /usr/lib/gcc/arm-none-eabi/15.2.0/thumb/v6-m/nofp/libgcc.a(subsf3.o)
 .debug_loclists
                0x00000000      0xdb7 /usr/lib/gcc/arm-none-eabi/15.2.0/thumb/v6-m/nofp/libgcc.a(subsf3.o)
 .debug_aranges
                0x00000000       0x20 /usr/lib/gcc/arm-none-eabi/15.2.0/thumb/v6-m/nofp/libgcc.a(subsf3.o)
 .debug_rnglists
                0x00000000      0x206 /usr/lib/gcc/arm-none-eabi/15.2.0/thumb/v6-m/nofp/libgcc.a(subsf3.o)
 .debug_line    0x00000000      0xeb4 /usr/lib/gcc/arm-none-eabi/15.2.0/thumb/v6-m/nofp/libgcc.a(subsf3.o)
 .debug_str     0x00000000      0x2dc /usr/lib/gcc/arm-none-eabi/15.2.0/thumb/v6-m/nofp/libgcc.a(subsf3.o)
 .comment       0x00000000       0x24 /usr/lib/gcc/arm-none-eabi/15.2.0/thumb/v6-m/nofp/libgcc.a(subsf3.o)
 .debug_frame   0x00000000       0x34 /usr/lib/gcc/arm-none-eabi/15.2.0/thumb/v6-m/nofp/libgcc.a(subsf3.o)
 .ARM.attributes
                0x00000000       0x2c /usr/lib/gcc/arm-none-eabi/15.2.0/thumb/v6-m/nofp/libgcc.a(subsf3.o)
 .text          0x00000000       0x40 /usr/lib/gcc/arm-none-eabi/15.2.0/thumb/v6-m/nofp/libgcc.a(fixsfsi.o)
 .data          0x00000000        0x0 /usr/lib/gcc/arm-none-eabi/15.2.0/thumb/v6-m/nofp/libgcc.a(fixsfsi.o)
 .bss           0x00000000        0x0 /usr/lib/gcc/arm-none-eabi/15.2.0/thumb/v6-m/nofp/libgcc.a(fixsfsi.o)
 .debug_info    0x00000000      0x1ad /usr/lib/gcc/arm-none-eabi/15.2.0/thumb/v6-m/nofp/libgcc.a(fixsfsi.o)
 .debug_abbrev  0x00000000      0x15a /usr/lib/gcc/arm-none-eabi/15.2.0/thumb/v6-m/nofp/libgcc.a(fixsfsi.o)
 .debug_loclists
                0x00000000       0x81 /usr/lib/gcc/arm-none-eabi/15.2.0/thumb/v6-m/nofp/libgcc.a(fixsfsi.o)
 .debug_aranges
                0x00000000       0x20 /usr/lib/gcc/arm-none-eabi/15.2.0/thumb/v6-m/nofp/libgcc.a(fixsfsi.o)
 .debug_rnglists
                0x00000000       0x1a /usr/lib/gcc/arm-none-eabi/15.2.0/thumb/v6-m/nofp/libgcc.a(fixsfsi.o)
 .debug_line    0x00000000      0x13f /usr/lib/gcc/arm-none-eabi/15.2.0/thumb/v6-m/nofp/libgcc.a(fixsfsi.o)
 .debug_str     0x00000000      0x214 /usr/lib/gcc/arm-none-eabi/15.2.0/thumb/v6-m/nofp/libgcc.a(fixsfsi.o)
 .comment       0x00000000       0x24 /usr/lib/gcc/arm-none-eabi/15.2.0/thumb/v6-m/nofp/libgcc.a(fixsfsi.o)
 .debug_frame   0x00000000       0x20 /usr/lib/gcc/arm-none-eabi/15.2.0/thumb/v6-m/nofp/libgcc.a(fixsfsi.o)
 .ARM.attributes
                0x00000000       0x2c /usr/lib/gcc/arm-none-eabi/15.2.0/thumb/v6-m/nofp/libgcc.a(fixsfsi.o)
 .text          0x00000000      0x828 /usr/lib/gcc/arm-none-eabi/15.2.0/thumb/v6-m/nofp/libgcc.a(adddf3.o)
 .data          0x00000000        0x0 /usr/lib/gcc/arm-none-eabi/15.2.0/thumb/v6-m/nofp/libgcc.a(adddf3.o)
 .bss           0x00000000        0x0 /usr/lib/gcc/arm-none-eabi/15.2.0/thumb/v6-m/nofp/libgcc.a(adddf3.o)
 .debug_info    0x00000000      0x56f /usr/lib/gcc/arm-none-eabi/15.2.0/thumb/v6-m/nofp/libgcc.a(adddf3.o)
 .debug_abbrev  0x00000000      0x184 /usr/lib/gcc/arm-none-eabi/15.2.0/thumb/v6-m/nofp/libgcc.a(adddf3.o)
 .debug_loclists
                0x00000000     0x19b5 /usr/lib/gcc/arm-none-eabi/15.2.0/thumb/v6-m/nofp/libgcc.a(adddf3.o)
 .debug_aranges
                0x00000000       0x20 /usr/lib/gcc/arm-none-eabi/15.2.0/thumb/v6-m/nofp/libgcc.a(adddf3.o)
 .debug_rnglists
                0x00000000      0x35f /usr/lib/gcc/arm-none-eabi/15.2.0/thumb/v6-m/nofp/libgcc.a(adddf3.o)
 .debug_line    0x00000000     0x1552 /usr/lib/gcc/arm-none-eabi/15.2.0/thumb/v6-m/nofp/libgcc.a(adddf3.o)
 .debug_str     0x00000000      0x319 /usr/lib/gcc/arm-none-eabi/15.2.0/thumb/v6-m/nofp/libgcc.a(adddf3.o)
 .comment       0x00000000       0x24 /usr/lib/gcc/arm-none-eabi/15.2.0/thumb/v6-m/nofp/libgcc.a(adddf3.o)
 .debug_frame   0x00000000       0x38 /usr/lib/gcc/arm-none-eabi/15.2.0/thumb/v6-m/nofp/libgcc.a(adddf3.o)
 .ARM.attributes
                0x00000000       0x2c /usr/lib/gcc/arm-none-eabi/15.2.0/thumb/v6-m/nofp/libgcc.a(adddf3.o)
 .text          0x00000000      0x630 /usr/lib/gcc/arm-none-eabi/15.2.0/thumb/v6-m/nofp/libgcc.a(divdf3.o)
 .data          0x00000000        0x0 /usr/lib/gcc/arm-none-eabi/15.2.0/thumb/v6-m/nofp/libgcc.a(divdf3.o)
 .bss           0x00000000        0x0 /usr/lib/gcc/arm-none-eabi/15.2.0/thumb/v6-m/nofp/libgcc.a(divdf3.o)
 .rodata        0x00000000       0x40 /usr/lib/gcc/arm-none-eabi/15.2.0/thumb/v6-m/nofp/libgcc.a(divdf3.o)
 .debug_info    0x00000000      0x7ad /usr/lib/gcc/arm-none-eabi/15.2.0/thumb/v6-m/nofp/libgcc.a(divdf3.o)
 .debug_abbrev  0x00000000      0x172 /usr/lib/gcc/arm-none-eabi/15.2.0/thumb/v6-m/nofp/libgcc.a(divdf3.o)
 .debug_loclists
                0x00000000     0x186f /usr/lib/gcc/arm-none-eabi/15.2.0/thumb/v6-m/nofp/libgcc.a(divdf3.o)
 .debug_aranges
                0x00000000       0x20 /usr/lib/gcc/arm-none-eabi/15.2.0/thumb/v6-m/nofp/libgcc.a(divdf3.o)
 .debug_rnglists
                0x00000000      0x170 /usr/lib/gcc/arm-none-eabi/15.2.0/thumb/v6-m/nofp/libgcc.a(divdf3.o)
 .debug_line    0x00000000      0xbb3 /usr/lib/gcc/arm-none-eabi/15.2.0/thumb/v6-m/nofp/libgcc.a(divdf3.o)
 .debug_str     0x00000000      0x3ec /usr/lib/gcc/arm-none-eabi/15.2.0/thumb/v6-m/nofp/libgcc.a(divdf3.o)
 .comment       0x00000000       0x24 /usr/lib/gcc/arm-none-eabi/15.2.0/thumb/v6-m/nofp/libgcc.a(divdf3.o)
 .debug_frame   0x00000000       0x3c /usr/lib/gcc/arm-none-eabi/15.2.0/thumb/v6-m/nofp/libgcc.a(divdf3.o)
 .ARM.attributes
                0x00000000       0x2c /usr/lib/gcc/arm-none-eabi/15.2.0/thumb/v6-m/nofp/libgcc.a(divdf3.o)
 .text          0x00000000       0x94 /usr/lib/gcc/arm-none-eabi/15.2.0/thumb/v6-m/nofp/libgcc.a(eqdf2.o)
 .data          0x00000000        0x0 /usr/lib/gcc/arm-none-eabi/15.2.0/thumb/v6-m/nofp/libgcc.a(eqdf2.o)
 .bss           0x00000000        0x0 /usr/lib/gcc/arm-none-eabi/15.2.0/thumb/v6-m/nofp/libgcc.a(eqdf2.o)
 .debug_info    0x00000000      0x248 /usr/lib/gcc/arm-none-eabi/15.2.0/thumb/v6-m/nofp/libgcc.a(eqdf2.o)
 .debug_abbrev  0x00000000      0x15d /usr/lib/gcc/arm-none-eabi/15.2.0/thumb/v6-m/nofp/libgcc.a(eqdf2.o)
 .debug_loclists
                0x00000000      0x130 /usr/lib/gcc/arm-none-eabi/15.2.0/thumb/v6-m/nofp/libgcc.a(eqdf2.o)
 .debug_aranges
                0x00000000       0x20 /usr/lib/gcc/arm-none-eabi/15.2.0/thumb/v6-m/nofp/libgcc.a(eqdf2.o)
 .debug_rnglists
                0x00000000       0x26 /usr/lib/gcc/arm-none-eabi/15.2.0/thumb/v6-m/nofp/libgcc.a(eqdf2.o)
 .debug_line    0x00000000      0x179 /usr/lib/gcc/arm-none-eabi/15.2.0/thumb/v6-m/nofp/libgcc.a(eqdf2.o)
 .debug_str     0x00000000      0x226 /usr/lib/gcc/arm-none-eabi/15.2.0/thumb/v6-m/nofp/libgcc.a(eqdf2.o)
 .comment       0x00000000       0x24 /usr/lib/gcc/arm-none-eabi/15.2.0/thumb/v6-m/nofp/libgcc.a(eqdf2.o)
 .debug_frame   0x00000000       0x3c /usr/lib/gcc/arm-none-eabi/15.2.0/thumb/v6-m/nofp/libgcc.a(eqdf2.o)
 .ARM.attributes
                0x00000000       0x2c /usr/lib/gcc/arm-none-eabi/15.2.0/thumb/v6-m/nofp/libgcc.a(eqdf2.o)
 .text          0x00000000       0xd4 /usr/lib/gcc/arm-none-eabi/15.2.0/thumb/v6-m/nofp/libgcc.a(gedf2.o)
 .data          0x00000000        0x0 /usr/lib/gcc/arm-none-eabi/15.2.0/thumb/v6-m/nofp/libgcc.a(gedf2.o)
 .bss           0x00000000        0x0 /usr/lib/gcc/arm-none-eabi/15.2.0/thumb/v6-m/nofp/libgcc.a(gedf2.o)
 .debug_info    0x00000000      0x256 /usr/lib/gcc/arm-none-eabi/15.2.0/thumb/v6-m/nofp/libgcc.a(gedf2.o)
 .debug_abbrev  0x00000000      0x15f /usr/lib/gcc/arm-none-eabi/15.2.0/thumb/v6-m/nofp/libgcc.a(gedf2.o)
 .debug_loclists
                0x00000000      0x328 /usr/lib/gcc/arm-none-eabi/15.2.0/thumb/v6-m/nofp/libgcc.a(gedf2.o)
 .debug_aranges
                0x00000000       0x20 /usr/lib/gcc/arm-none-eabi/15.2.0/thumb/v6-m/nofp/libgcc.a(gedf2.o)
 .debug_rnglists
                0x00000000       0x46 /usr/lib/gcc/arm-none-eabi/15.2.0/thumb/v6-m/nofp/libgcc.a(gedf2.o)
 .debug_line    0x00000000      0x28c /usr/lib/gcc/arm-none-eabi/15.2.0/thumb/v6-m/nofp/libgcc.a(gedf2.o)
 .debug_str     0x00000000      0x24a /usr/lib/gcc/arm-none-eabi/15.2.0/thumb/v6-m/nofp/libgcc.a(gedf2.o)
 .comment       0x00000000       0x24 /usr/lib/gcc/arm-none-eabi/15.2.0/thumb/v6-m/nofp/libgcc.a(gedf2.o)
 .debug_frame   0x00000000       0x38 /usr/lib/gcc/arm-none-eabi/15.2.0/thumb/v6-m/nofp/libgcc.a(gedf2.o)
 .ARM.attributes
                0x00000000       0x2c /usr/lib/gcc/arm-none-eabi/15.2.0/thumb/v6-m/nofp/libgcc.a(gedf2.o)
 .text          0x00000000       0xd4 /usr/lib/gcc/arm-none-eabi/15.2.0/thumb/v6-m/nofp/libgcc.a(ledf2.o)
 .data          0x00000000        0x0 /usr/lib/gcc/arm-none-eabi/15.2.0/thumb/v6-m/nofp/libgcc.a(ledf2.o)
 .bss           0x00000000        0x0 /usr/lib/gcc/arm-none-eabi/15.2.0/thumb/v6-m/nofp/libgcc.a(ledf2.o)
 .debug_info    0x00000000      0x256 /usr/lib/gcc/arm-none-eabi/15.2.0/thumb/v6-m/nofp/libgcc.a(ledf2.o)
 .debug_abbrev  0x00000000      0x15f /usr/lib/gcc/arm-none-eabi/15.2.0/thumb/v6-m/nofp/libgcc.a(ledf2.o)
 .debug_loclists
                0x00000000      0x33d /usr/lib/gcc/arm-none-eabi/15.2.0/thumb/v6-m/nofp/libgcc.a(ledf2.o)
 .debug_aranges
                0x00000000       0x20 /usr/lib/gcc/arm-none-eabi/15.2.0/thumb/v6-m/nofp/libgcc.a(ledf2.o)
 .debug_rnglists
                0x00000000       0x38 /usr/lib/gcc/arm-none-eabi/15.2.0/thumb/v6-m/nofp/libgcc.a(ledf2.o)
 .debug_line    0x00000000      0x273 /usr/lib/gcc/arm-none-eabi/15.2.0/thumb/v6-m/nofp/libgcc.a(ledf2.o)
 .debug_str     0x00000000      0x24a /usr/lib/gcc/arm-none-eabi/15.2.0/thumb/v6-m/nofp/libgcc.a(ledf2.o)
 .comment       0x00000000       0x24 /usr/lib/gcc/arm-none-eabi/15.2.0/thumb/v6-m/nofp/libgcc.a(ledf2.o)
 .debug_frame   0x00000000       0x38 /usr/lib/gcc/arm-none-eabi/15.2.0/thumb/v6-m/nofp/libgcc.a(ledf2.o)
 .ARM.attributes
                0x00000000       0x2c /usr/lib/gcc/arm-none-eabi/15.2.0/thumb/v6-m/nofp/libgcc.a(ledf2.o)
 .text          0x00000000      0x570 /usr/lib/gcc/arm-none-eabi/15.2.0/thumb/v6-m/nofp/libgcc.a(muldf3.o)
 .data          0x00000000        0x0 /usr/lib/gcc/arm-none-eabi/15.2.0/thumb/v6-m/nofp/libgcc.a(muldf3.o)
 .bss           0x00000000        0x0 /usr/lib/gcc/arm-none-eabi/15.2.0/thumb/v6-m/nofp/libgcc.a(muldf3.o)
 .debug_info    0x00000000      0x7c2 /usr/lib/gcc/arm-none-eabi/15.2.0/thumb/v6-m/nofp/libgcc.a(muldf3.o)
 .debug_abbrev  0x00000000      0x183 /usr/lib/gcc/arm-none-eabi/15.2.0/thumb/v6-m/nofp/libgcc.a(muldf3.o)
 .debug_loclists
                0x00000000      0xeef /usr/lib/gcc/arm-none-eabi/15.2.0/thumb/v6-m/nofp/libgcc.a(muldf3.o)
 .debug_aranges
                0x00000000       0x20 /usr/lib/gcc/arm-none-eabi/15.2.0/thumb/v6-m/nofp/libgcc.a(muldf3.o)
 .debug_rnglists
                0x00000000      0x13e /usr/lib/gcc/arm-none-eabi/15.2.0/thumb/v6-m/nofp/libgcc.a(muldf3.o)
 .debug_line    0x00000000      0x9a7 /usr/lib/gcc/arm-none-eabi/15.2.0/thumb/v6-m/nofp/libgcc.a(muldf3.o)
 .debug_str     0x00000000      0x433 /usr/lib/gcc/arm-none-eabi/15.2.0/thumb/v6-m/nofp/libgcc.a(muldf3.o)
 .comment       0x00000000       0x24 /usr/lib/gcc/arm-none-eabi/15.2.0/thumb/v6-m/nofp/libgcc.a(muldf3.o)
 .debug_frame   0x00000000       0x3c /usr/lib/gcc/arm-none-eabi/15.2.0/thumb/v6-m/nofp/libgcc.a(muldf3.o)
 .ARM.attributes
                0x00000000       0x2c /usr/lib/gcc/arm-none-eabi/15.2.0/thumb/v6-m/nofp/libgcc.a(muldf3.o)
 .text          0x00000000      0x814 /usr/lib/gcc/arm-none-eabi/15.2.0/thumb/v6-m/nofp/libgcc.a(subdf3.o)
 .data          0x00000000        0x0 /usr/lib/gcc/arm-none-eabi/15.2.0/thumb/v6-m/nofp/libgcc.a(subdf3.o)
 .bss           0x00000000        0x0 /usr/lib/gcc/arm-none-eabi/15.2.0/thumb/v6-m/nofp/libgcc.a(subdf3.o)
 .debug_info    0x00000000      0x585 /usr/lib/gcc/arm-none-eabi/15.2.0/thumb/v6-m/nofp/libgcc.a(subdf3.o)
 .debug_abbrev  0x00000000      0x184 /usr/lib/gcc/arm-none-eabi/15.2.0/thumb/v6-m/nofp/libgcc.a(subdf3.o)
 .debug_loclists
                0x00000000     0x1849 /usr/lib/gcc/arm-none-eabi/15.2.0/thumb/v6-m/nofp/libgcc.a(subdf3.o)
 .debug_aranges
                0x00000000       0x20 /usr/lib/gcc/arm-none-eabi/15.2.0/thumb/v6-m/nofp/libgcc.a(subdf3.o)
 .debug_rnglists
                0x00000000      0x3bc /usr/lib/gcc/arm-none-eabi/15.2.0/thumb/v6-m/nofp/libgcc.a(subdf3.o)
 .debug_line    0x00000000     0x1599 /usr/lib/gcc/arm-none-eabi/15.2.0/thumb/v6-m/nofp/libgcc.a(subdf3.o)
 .debug_str     0x00000000      0x319 /usr/lib/gcc/arm-none-eabi/15.2.0/thumb/v6-m/nofp/libgcc.a(subdf3.o)
 .comment       0x00000000       0x24 /usr/lib/gcc/arm-none-eabi/15.2.0/thumb/v6-m/nofp/libgcc.a(subdf3.o)
 .debug_frame   0x00000000       0x3c /usr/lib/gcc/arm-none-eabi/15.2.0/thumb/v6-m/nofp/libgcc.a(subdf3.o)
 .ARM.attributes
                0x00000000       0x2c /usr/lib/gcc/arm-none-eabi/15.2.0/thumb/v6-m/nofp/libgcc.a(subdf3.o)
 .text          0x00000000       0x70 /usr/lib/gcc/arm-none-eabi/15.2.0/thumb/v6-m/nofp/libgcc.a(fixdfsi.o)
 .data          0x00000000        0x0 /usr/lib/gcc/arm-none-eabi/15.2.0/thumb/v6-m/nofp/libgcc.a(fixdfsi.o)
 .bss           0x00000000        0x0 /usr/lib/gcc/arm-none-eabi/15.2.0/thumb/v6-m/nofp/libgcc.a(fixdfsi.o)
 .debug_info    0x00000000      0x1bf /usr/lib/gcc/arm-none-eabi/15.2.0/thumb/v6-m/nofp/libgcc.a(fixdfsi.o)
 .debug_abbrev  0x00000000      0x15b /usr/lib/gcc/arm-none-eabi/15.2.0/thumb/v6-m/nofp/libgcc.a(fixdfsi.o)
 .debug_loclists
                0x00000000       0x5c /usr/lib/gcc/arm-none-eabi/15.2.0/thumb/v6-m/nofp/libgcc.a(fixdfsi.o)
 .debug_aranges
                0x00000000       0x20 /usr/lib/gcc/arm-none-eabi/15.2.0/thumb/v6-m/nofp/libgcc.a(fixdfsi.o)
 .debug_rnglists
                0x00000000       0x1d /usr/lib/gcc/arm-none-eabi/15.2.0/thumb/v6-m/nofp/libgcc.a(fixdfsi.o)
 .debug_line    0x00000000      0x132 /usr/lib/gcc/arm-none-eabi/15.2.0/thumb/v6-m/nofp/libgcc.a(fixdfsi.o)
 .debug_str     0x00000000      0x226 /usr/lib/gcc/arm-none-eabi/15.2.0/thumb/v6-m/nofp/libgcc.a(fixdfsi.o)
 .comment       0x00000000       0x24 /usr/lib/gcc/arm-none-eabi/15.2.0/thumb/v6-m/nofp/libgcc.a(fixdfsi.o)
 .debug_frame   0x00000000       0x30 /usr/lib/gcc/arm-none-eabi/15.2.0/thumb/v6-m/nofp/libgcc.a(fixdfsi.o)
 .ARM.attributes
                0x00000000       0x2c /usr/lib/gcc/arm-none-eabi/15.2.0/thumb/v6-m/nofp/libgcc.a(fixdfsi.o)
 .text          0x00000000       0x68 /usr/lib/gcc/arm-none-eabi/15.2.0/thumb/v6-m/nofp/libgcc.a(floatsidf.o)
 .data          0x00000000        0x0 /usr/lib/gcc/arm-none-eabi/15.2.0/thumb/v6-m/nofp/libgcc.a(floatsidf.o)
 .bss           0x00000000        0x0 /usr/lib/gcc/arm-none-eabi/15.2.0/thumb/v6-m/nofp/libgcc.a(floatsidf.o)
 .debug_info    0x00000000      0x290 /usr/lib/gcc/arm-none-eabi/15.2.0/thumb/v6-m/nofp/libgcc.a(floatsidf.o)
 .debug_abbrev  0x00000000      0x173 /usr/lib/gcc/arm-none-eabi/15.2.0/thumb/v6-m/nofp/libgcc.a(floatsidf.o)
 .debug_loclists
                0x00000000      0x1d1 /usr/lib/gcc/arm-none-eabi/15.2.0/thumb/v6-m/nofp/libgcc.a(floatsidf.o)
 .debug_aranges
                0x00000000       0x20 /usr/lib/gcc/arm-none-eabi/15.2.0/thumb/v6-m/nofp/libgcc.a(floatsidf.o)
 .debug_rnglists
                0x00000000       0x55 /usr/lib/gcc/arm-none-eabi/15.2.0/thumb/v6-m/nofp/libgcc.a(floatsidf.o)
 .debug_line    0x00000000      0x193 /usr/lib/gcc/arm-none-eabi/15.2.0/thumb/v6-m/nofp/libgcc.a(floatsidf.o)
 .debug_str     0x00000000      0x2c7 /usr/lib/gcc/arm-none-eabi/15.2.0/thumb/v6-m/nofp/libgcc.a(floatsidf.o)
 .comment       0x00000000       0x24 /usr/lib/gcc/arm-none-eabi/15.2.0/thumb/v6-m/nofp/libgcc.a(floatsidf.o)
 .debug_frame   0x00000000       0x2c /usr/lib/gcc/arm-none-eabi/15.2.0/thumb/v6-m/nofp/libgcc.a(floatsidf.o)
 .ARM.attributes
                0x00000000       0x2c /usr/lib/gcc/arm-none-eabi/15.2.0/thumb/v6-m/nofp/libgcc.a(floatsidf.o)
 .text          0x00000000       0x8c /usr/lib/gcc/arm-none-eabi/15.2.0/thumb/v6-m/nofp/libgcc.a(extendsfdf2.o)
 .data          0x00000000        0x0 /usr/lib/gcc/arm-none-eabi/15.2.0/thumb/v6-m/nofp/libgcc.a(extendsfdf2.o)
 .bss           0x00000000        0x0 /usr/lib/gcc/arm-none-eabi/15.2.0/thumb/v6-m/nofp/libgcc.a(extendsfdf2.o)
 .debug_info    0x00000000      0x26e /usr/lib/gcc/arm-none-eabi/15.2.0/thumb/v6-m/nofp/libgcc.a(extendsfdf2.o)
 .debug_abbrev  0x00000000      0x15d /usr/lib/gcc/arm-none-eabi/15.2.0/thumb/v6-m/nofp/libgcc.a(extendsfdf2.o)
 .debug_loclists
                0x00000000      0x16c /usr/lib/gcc/arm-none-eabi/15.2.0/thumb/v6-m/nofp/libgcc.a(extendsfdf2.o)
 .debug_aranges
                0x00000000       0x20 /usr/lib/gcc/arm-none-eabi/15.2.0/thumb/v6-m/nofp/libgcc.a(extendsfdf2.o)
 .debug_rnglists
                0x00000000       0x3d /usr/lib/gcc/arm-none-eabi/15.2.0/thumb/v6-m/nofp/libgcc.a(extendsfdf2.o)
 .debug_line    0x00000000      0x1da /usr/lib/gcc/arm-none-eabi/15.2.0/thumb/v6-m/nofp/libgcc.a(extendsfdf2.o)
 .debug_str     0x00000000      0x24e /usr/lib/gcc/arm-none-eabi/15.2.0/thumb/v6-m/nofp/libgcc.a(extendsfdf2.o)
 .comment       0x00000000       0x24 /usr/lib/gcc/arm-none-eabi/15.2.0/thumb/v6-m/nofp/libgcc.a(extendsfdf2.o)
 .debug_frame   0x00000000       0x2c /usr/lib/gcc/arm-none-eabi/15.2.0/thumb/v6-m/nofp/libgcc.a(extendsfdf2.o)
 .ARM.attributes
                0x00000000       0x2c /usr/lib/gcc/arm-none-eabi/15.2.0/thumb/v6-m/nofp/libgcc.a(extendsfdf2.o)
 .data          0x00000000        0x0 /usr/lib/gcc/arm-none-eabi/15.2.0/thumb/v6-m/nofp/libgcc.a(_clzsi2.o)
 .bss           0x00000000        0x0 /usr/lib/gcc/arm-none-eabi/15.2.0/thumb/v6-m/nofp/libgcc.a(_clzsi2.o)
 .data          0x00000000        0x0 /usr/lib/gcc/arm-none-eabi/15.2.0/thumb/v6-m/nofp/libgcc.a(_clzdi2.o)
 .bss           0x00000000        0x0 /usr/lib/gcc/arm-none-eabi/15.2.0/thumb/v6-m/nofp/libgcc.a(_clzdi2.o)

Memory Configuration

Name             Origin             Length             Attributes
FLASH            0x10000000         0x00200000         xr
SRAM             0x20000000         0x00042000         xrw
*default*        0x00000000         0xffffffff

Linker script and memory map

LOAD utkernel.o
LOAD /usr/lib/gcc/arm-none-eabi/15.2.0/thumb/v6-m/nofp/libgcc.a

.vectors        0x10000000       0x40
                0x10000000        0x4 LONG 0x20042000 (ORIGIN (SRAM) + LENGTH (SRAM))
                0x10000004        0x4 LONG 0x10001429 (reset_handler + 0x1)
                0x10000008        0x4 LONG 0x1 (default_handler + 0x1)
                0x1000000c        0x4 LONG 0x1 (default_handler + 0x1)
                0x10000010        0x4 LONG 0x1 (default_handler + 0x1)
                0x10000014        0x4 LONG 0x1 (default_handler + 0x1)
                0x10000018        0x4 LONG 0x1 (default_handler + 0x1)
                0x1000001c        0x4 LONG 0x1 (default_handler + 0x1)
                0x10000020        0x4 LONG 0x1 (default_handler + 0x1)
                0x10000024        0x4 LONG 0x1 (default_handler + 0x1)
                0x10000028        0x4 LONG 0x1 (default_handler + 0x1)
                0x1000002c        0x4 LONG 0x1 (default_handler + 0x1)
                0x10000030        0x4 LONG 0x1 (default_handler + 0x1)
                0x10000034        0x4 LONG 0x1 (default_handler + 0x1)
                0x10000038        0x4 LONG 0x1 (default_handler + 0x1)
                0x1000003c        0x4 LONG 0x1 (default_handler + 0x1)

.text           0x10000040     0x2d65
 *(.text*)
 .text.valid_task
                0x10000040       0x24 utkernel.o
 .text.valid_sem
                0x10000064       0x28 utkernel.o
 .text.valid_flg
                0x1000008c       0x28 utkernel.o
 .text.valid_mbx
                0x100000b4       0x28 utkernel.o
 .text.__builtin_va_list_finalize
                0x100000dc       0x10 utkernel.o
 .text.brk      0x100000ec       0x3c utkernel.o
                0x100000ec                brk
 .text.tk_get_tick
                0x10000128       0x18 utkernel.o
                0x10000128                tk_get_tick
 .text.tk_get_tid
                0x10000140       0x18 utkernel.o
                0x10000140                tk_get_tid
 .text.memset   0x10000158       0x28 utkernel.o
                0x10000158                memset
 .text.tk_putchar
                0x10000180       0x3c utkernel.o
                0x10000180                tk_putchar
 .text.putchar  0x100001bc       0x28 utkernel.o
                0x100001bc                putchar
 .text.tk_puts  0x100001e4       0x44 utkernel.o
                0x100001e4                tk_puts
 .text.tk_puthex
                0x10000228       0x64 utkernel.o
                0x10000228                tk_puthex
 .text.mmio_write32
                0x1000028c       0x34 utkernel.o
 .text.tk_kernel_exit
                0x100002c0       0x2c utkernel.o
                0x100002c0                tk_kernel_exit
 .text.tk_dly_tsk
                0x100002ec       0x3c utkernel.o
                0x100002ec                tk_dly_tsk
 .text.sbrk     0x10000328       0xcc utkernel.o
                0x10000328                sbrk
 .text.free     0x100003f4       0x48 utkernel.o
                0x100003f4                free
 .text.tk_sig_sem
                0x1000043c       0x60 utkernel.o
                0x1000043c                tk_sig_sem
 .text.tk_wai_sem
                0x1000049c       0x60 utkernel.o
                0x1000049c                tk_wai_sem
 .text.tk_wai_flg
                0x100004fc       0x88 utkernel.o
                0x100004fc                tk_wai_flg
 .text.monitor_task
                0x10000584       0xd8 utkernel.o
 .text.tk_snd_mbx
                0x1000065c       0x70 utkernel.o
                0x1000065c                tk_snd_mbx
 .text.tk_rcv_mbx
                0x100006cc       0x6c utkernel.o
                0x100006cc                tk_rcv_mbx
 .text.malloc   0x10000738       0xa0 utkernel.o
                0x10000738                malloc
 .text.calloc   0x100007d8       0x60 utkernel.o
                0x100007d8                calloc
 .text.memmove  0x10000838       0x6c utkernel.o
                0x10000838                memmove
 .text.memcpy   0x100008a4       0x2c utkernel.o
                0x100008a4                memcpy
 .text.strncpy  0x100008d0       0x64 utkernel.o
                0x100008d0                strncpy
 .text.strlen   0x10000934       0x40 utkernel.o
                0x10000934                strlen
 .text.strdup   0x10000974       0x5c utkernel.o
                0x10000974                strdup
 .text.puts     0x100009d0       0x40 utkernel.o
                0x100009d0                puts
 .text.__fmt_putc
                0x10000a10       0x7c utkernel.o
                0x10000a10                __fmt_putc
 .text.__emit_pad
                0x10000a8c       0x40 utkernel.o
                0x10000a8c                __emit_pad
 .text.alloc_from_pages
                0x10000acc       0x8c utkernel.o
                0x10000acc                alloc_from_pages
 .text.come_free_mem_of_heap_pool
                0x10000b58       0xac utkernel.o
                0x10000b58                come_free_mem_of_heap_pool
 .text.come_is_alive
                0x10000c04       0x44 utkernel.o
                0x10000c04                come_is_alive
 .text.charp_to_string
                0x10000c48       0xe4 utkernel.o
                0x10000c48                charp_to_string
 .text.come_call_finalizer
                0x10000d2c      0x1d0 utkernel.o
                0x10000d2c                come_call_finalizer
 .text.printf   0x10000efc       0x8c utkernel.o
                0x10000efc                printf
 .text.stackframe
                0x10000f88       0x5c utkernel.o
                0x10000f88                stackframe
 .text.tk_cre_tsk
                0x10000fe4       0x78 utkernel.o
                0x10000fe4                tk_cre_tsk
 .text.tk_sta_tsk
                0x1000105c       0x6c utkernel.o
                0x1000105c                tk_sta_tsk
 .text.tk_ext_tsk
                0x100010c8       0x64 utkernel.o
                0x100010c8                tk_ext_tsk
 .text.tk_cre_sem
                0x1000112c       0x7c utkernel.o
                0x1000112c                tk_cre_sem
 .text.tk_cre_flg
                0x100011a8       0x78 utkernel.o
                0x100011a8                tk_cre_flg
 .text.tk_set_flg
                0x10001220       0x6c utkernel.o
                0x10001220                tk_set_flg
 .text.producer_task
                0x1000128c       0x84 utkernel.o
 .text.worker_task
                0x10001310       0xa0 utkernel.o
 .text.tk_cre_mbx
                0x100013b0       0x78 utkernel.o
                0x100013b0                tk_cre_mbx
 .text.reset_handler
                0x10001428      0x204 utkernel.o
                0x10001428                reset_handler
 .text.itoa     0x1000162c      0x12c utkernel.o
                0x1000162c                itoa
 .text.vasprintf
                0x10001758      0x184 utkernel.o
                0x10001758                vasprintf
 .text.__utoa_ull
                0x100018dc      0x110 utkernel.o
                0x100018dc                __utoa_ull
 .text.__emit_num
                0x100019ec       0xd4 utkernel.o
                0x100019ec                __emit_num
 .text.__vformat
                0x10001ac0      0x3e0 utkernel.o
                0x10001ac0                __vformat
 .text.come_alloc_mem_from_heap_pool
                0x10001ea0       0xe0 utkernel.o
                0x10001ea0                come_alloc_mem_from_heap_pool
 .text.come_calloc
                0x10001f80       0x78 utkernel.o
                0x10001f80                come_calloc
 .text.come_calloc_v2
                0x10001ff8       0x3c utkernel.o
                0x10001ff8                come_calloc_v2
 .text.stackframe2
                0x10002034       0x88 utkernel.o
                0x10002034                stackframe2
 .text.come_free
                0x100020bc       0x68 utkernel.o
                0x100020bc                come_free
 .text.come_free_v2
                0x10002124       0x30 utkernel.o
                0x10002124                come_free_v2
 .text.come_decrement_ref_count
                0x10002154      0x158 utkernel.o
                0x10002154                come_decrement_ref_count
 .text.__builtin_string
                0x100022ac       0xd8 utkernel.o
                0x100022ac                __builtin_string
 .text.xsprintf
                0x10002384      0x190 utkernel.o
                0x10002384                xsprintf
 .text.int_to_string
                0x10002514       0x94 utkernel.o
                0x10002514                int_to_string
 .text.come_increment_ref_count
                0x100025a8      0x100 utkernel.o
                0x100025a8                come_increment_ref_count
 .text          0x100026a8       0x14 /usr/lib/gcc/arm-none-eabi/15.2.0/thumb/v6-m/nofp/libgcc.a(_thumb1_case_sqi.o)
                0x100026a8                __gnu_thumb1_case_sqi
 .text          0x100026bc       0x14 /usr/lib/gcc/arm-none-eabi/15.2.0/thumb/v6-m/nofp/libgcc.a(_thumb1_case_shi.o)
                0x100026bc                __gnu_thumb1_case_shi
 .text          0x100026d0      0x114 /usr/lib/gcc/arm-none-eabi/15.2.0/thumb/v6-m/nofp/libgcc.a(_udivsi3.o)
                0x100026d0                __udivsi3
                0x100026d0                __aeabi_uidiv
                0x100027dc                __aeabi_uidivmod
 .text          0x100027e4        0x4 /usr/lib/gcc/arm-none-eabi/15.2.0/thumb/v6-m/nofp/libgcc.a(_dvmd_tls.o)
                0x100027e4                __aeabi_ldiv0
                0x100027e4                __aeabi_idiv0
 .text          0x100027e8       0x40 /usr/lib/gcc/arm-none-eabi/15.2.0/thumb/v6-m/nofp/libgcc.a(_aeabi_uldivmod.o)
                0x100027e8                __aeabi_uldivmod
 .text          0x10002828      0x190 /usr/lib/gcc/arm-none-eabi/15.2.0/thumb/v6-m/nofp/libgcc.a(_udivmoddi4.o)
                0x10002828                __udivmoddi4
 .text          0x100029b8       0x3c /usr/lib/gcc/arm-none-eabi/15.2.0/thumb/v6-m/nofp/libgcc.a(_clzsi2.o)
                0x100029b8                __clzsi2
 .text          0x100029f4       0x18 /usr/lib/gcc/arm-none-eabi/15.2.0/thumb/v6-m/nofp/libgcc.a(_clzdi2.o)
                0x100029f4                __clzdi2
 *(.rodata*)
 .rodata.tk_puthex.str1.1
                0x10002a0c      0x377 utkernel.o
                                 0x1e (size before relaxing)
 .rodata.monitor_task.str1.1
                0x10002d83        0x0 utkernel.o
                                 0x83 (size before relaxing)
 .rodata.arg_file_reset.str1.1
                0x10002d83        0x0 utkernel.o
                                  0x1 (size before relaxing)
 .rodata.charp_to_string.str1.1
                0x10002d83        0x0 utkernel.o
                                 0x2b (size before relaxing)
 .rodata.come_call_finalizer.str1.1
                0x10002d83        0x0 utkernel.o
                                 0x33 (size before relaxing)
 .rodata.printf.str1.1
                0x10002d83        0x0 utkernel.o
                                 0x28 (size before relaxing)
 .rodata.stackframe.str1.1
                0x10002d83        0x0 utkernel.o
                                  0xf (size before relaxing)
 .rodata.tk_sta_tsk.str1.1
                0x10002d83        0x0 utkernel.o
                                 0x25 (size before relaxing)
 .rodata.tk_ext_tsk.str1.1
                0x10002d83        0x0 utkernel.o
                                  0xb (size before relaxing)
 .rodata.tk_set_flg.str1.1
                0x10002d83        0x0 utkernel.o
                                  0xb (size before relaxing)
 .rodata.producer_task.str1.1
                0x10002d83        0x0 utkernel.o
                                 0x37 (size before relaxing)
 .rodata.worker_task.str1.1
                0x10002d83        0x0 utkernel.o
                                 0x38 (size before relaxing)
 .rodata.reset_handler.str1.1
                0x10002d83        0x0 utkernel.o
                                 0x47 (size before relaxing)
 .rodata.itoa.str1.1
                0x10002d83        0x0 utkernel.o
                                  0x5 (size before relaxing)
 .rodata.vasprintf.str1.1
                0x10002d83        0x0 utkernel.o
                                 0x11 (size before relaxing)
 .rodata.__utoa_ull.str1.1
                0x10002d83        0x0 utkernel.o
                                  0xb (size before relaxing)
 .rodata.__emit_num.str1.1
                0x10002d83        0x0 utkernel.o
                                  0xb (size before relaxing)
 .rodata.__vformat.str1.1
                0x10002d83        0x0 utkernel.o
                                  0xa (size before relaxing)
 .rodata.come_alloc_mem_from_heap_pool.str1.1
                0x10002d83        0x0 utkernel.o
                                 0x1e (size before relaxing)
 .rodata.come_calloc.str1.1
                0x10002d83        0x0 utkernel.o
                                  0xc (size before relaxing)
 .rodata.come_calloc_v2.str1.1
                0x10002d83        0x0 utkernel.o
                                  0xf (size before relaxing)
 .rodata.come_get_ref_count.str1.1
                0x10002d83        0x0 utkernel.o
                                 0x27 (size before relaxing)
 .rodata.stackframe2.str1.1
                0x10002d83        0x0 utkernel.o
                                 0x31 (size before relaxing)
 .rodata.come_free.str1.1
                0x10002d83        0x0 utkernel.o
                                  0xa (size before relaxing)
 .rodata.come_free_v2.str1.1
                0x10002d83        0x0 utkernel.o
                                  0xd (size before relaxing)
 .rodata.come_decrement_ref_count.str1.1
                0x10002d83        0x0 utkernel.o
                                 0x37 (size before relaxing)
 .rodata.__builtin_string.str1.1
                0x10002d83        0x0 utkernel.o
                                 0x18 (size before relaxing)
 .rodata.xsprintf.str1.1
                0x10002d83        0x0 utkernel.o
                                  0x9 (size before relaxing)
 .rodata.int_to_string.str1.1
                0x10002d83        0x0 utkernel.o
                                 0x11 (size before relaxing)
 .rodata.come_increment_ref_count.str1.1
                0x10002d83        0x0 utkernel.o
                                 0x19 (size before relaxing)
 .rodata.U.0    0x10002d83       0x11 utkernel.o
 .rodata.L.1    0x10002d94       0x11 utkernel.o

.glue_7         0x10002da8        0x0
 .glue_7        0x10002da8        0x0 linker stubs

.glue_7t        0x10002da8        0x0
 .glue_7t       0x10002da8        0x0 linker stubs

.vfp11_veneer   0x10002da8        0x0
 .vfp11_veneer  0x10002da8        0x0 linker stubs

.v4_bx          0x10002da8        0x0
 .v4_bx         0x10002da8        0x0 linker stubs

.iplt           0x10002da8        0x0
 .iplt          0x10002da8        0x0 utkernel.o

.rel.dyn        0x10002da8        0x0
 .rel.iplt      0x10002da8        0x0 utkernel.o

.ARM.exidx      0x10002da8        0x8
 .ARM.exidx     0x10002da8        0x8 /usr/lib/gcc/arm-none-eabi/15.2.0/thumb/v6-m/nofp/libgcc.a(_udivmoddi4.o)

.data
 *(.data*)

.igot.plt       0x20000000        0x0 load address 0x10002db0
 .igot.plt      0x20000000        0x0 utkernel.o

.bss            0x20000000    0x10150 load address 0x10002db0
                0x20000000                        __bss_start__ = .
 *(.bss*)
 .bss.gNumFree  0x20000000        0x4 utkernel.o
                0x20000000                gNumFree
 .bss.gNumAlloc
                0x20000004        0x4 utkernel.o
                0x20000004                gNumAlloc
 .bss.gFreeMem  0x20000008        0x4 utkernel.o
                0x20000008                gFreeMem
 .bss.gAllocMem
                0x2000000c        0x4 utkernel.o
                0x2000000c                gAllocMem
 .bss.neo_frame_id
                0x20000010        0x4 utkernel.o
                0x20000010                neo_frame_id
 .bss.neo_current_frame
                0x20000014        0x4 utkernel.o
                0x20000014                neo_current_frame
 .bss.__neo_sbrk_inited
                0x20000018        0x4 utkernel.o
                0x20000018                __neo_sbrk_inited
 .bss.__neo_sbrk_cur
                0x2000001c        0x4 utkernel.o
                0x2000001c                __neo_sbrk_cur
 .bss.free_list
                0x20000020        0x4 utkernel.o
                0x20000020                free_list
 .bss.errno     0x20000024        0x4 utkernel.o
                0x20000024                errno
 .bss.g_msg     0x20000028        0x8 utkernel.o
 .bss.g_worker_sum
                0x20000030        0x4 utkernel.o
 .bss.g_msg_value
                0x20000034        0x4 utkernel.o
 .bss.g_mbox    0x20000038        0x4 utkernel.o
 .bss.g_flag    0x2000003c        0x4 utkernel.o
 .bss.g_sem     0x20000040        0x4 utkernel.o
 .bss.g_current_tid
                0x20000044        0x4 utkernel.o
 .bss.g_tick    0x20000048        0x4 utkernel.o
 .bss.g_mbx     0x2000004c       0x30 utkernel.o
 .bss.g_flgs    0x2000007c       0x20 utkernel.o
 .bss.g_sems    0x2000009c       0x30 utkernel.o
 .bss.g_tasks   0x200000cc       0x80 utkernel.o
 .bss.__neo_micro_brk_offset
                0x2000014c        0x4 utkernel.o
 .bss.__neo_micro_heap
                0x20000150    0x10000 utkernel.o
 *(COMMON)
                0x20010150                        __bss_end__ = .
OUTPUT(utkernel.elf elf32-littlearm)
LOAD linker stubs

.comment        0x00000000       0x23
 .comment       0x00000000       0x23 utkernel.o
                                 0x24 (size before relaxing)
 .comment       0x00000023        0x0 /usr/lib/gcc/arm-none-eabi/15.2.0/thumb/v6-m/nofp/libgcc.a(_udivmoddi4.o)
                                 0x24 (size before relaxing)

.ARM.attributes
                0x00000000       0x2c
 .ARM.attributes
                0x00000000       0x2c utkernel.o
 .ARM.attributes
                0x0000002c       0x1e /usr/lib/gcc/arm-none-eabi/15.2.0/thumb/v6-m/nofp/libgcc.a(_thumb1_case_sqi.o)
 .ARM.attributes
                0x0000004a       0x1e /usr/lib/gcc/arm-none-eabi/15.2.0/thumb/v6-m/nofp/libgcc.a(_thumb1_case_shi.o)
 .ARM.attributes
                0x00000068       0x1e /usr/lib/gcc/arm-none-eabi/15.2.0/thumb/v6-m/nofp/libgcc.a(_udivsi3.o)
 .ARM.attributes
                0x00000086       0x1e /usr/lib/gcc/arm-none-eabi/15.2.0/thumb/v6-m/nofp/libgcc.a(_dvmd_tls.o)
 .ARM.attributes
                0x000000a4       0x1e /usr/lib/gcc/arm-none-eabi/15.2.0/thumb/v6-m/nofp/libgcc.a(_aeabi_uldivmod.o)
 .ARM.attributes
                0x000000c2       0x2c /usr/lib/gcc/arm-none-eabi/15.2.0/thumb/v6-m/nofp/libgcc.a(_udivmoddi4.o)
 .ARM.attributes
                0x000000ee       0x1e /usr/lib/gcc/arm-none-eabi/15.2.0/thumb/v6-m/nofp/libgcc.a(_clzsi2.o)
 .ARM.attributes
                0x0000010c       0x1e /usr/lib/gcc/arm-none-eabi/15.2.0/thumb/v6-m/nofp/libgcc.a(_clzdi2.o)

.debug_line     0x00000000      0x40d
 .debug_line    0x00000000       0x52 /usr/lib/gcc/arm-none-eabi/15.2.0/thumb/v6-m/nofp/libgcc.a(_thumb1_case_sqi.o)
 .debug_line    0x00000052       0x53 /usr/lib/gcc/arm-none-eabi/15.2.0/thumb/v6-m/nofp/libgcc.a(_thumb1_case_shi.o)
 .debug_line    0x000000a5       0x56 /usr/lib/gcc/arm-none-eabi/15.2.0/thumb/v6-m/nofp/libgcc.a(_udivsi3.o)
 .debug_line    0x000000fb       0x4a /usr/lib/gcc/arm-none-eabi/15.2.0/thumb/v6-m/nofp/libgcc.a(_dvmd_tls.o)
 .debug_line    0x00000145       0x55 /usr/lib/gcc/arm-none-eabi/15.2.0/thumb/v6-m/nofp/libgcc.a(_aeabi_uldivmod.o)
 .debug_line    0x0000019a      0x1c1 /usr/lib/gcc/arm-none-eabi/15.2.0/thumb/v6-m/nofp/libgcc.a(_udivmoddi4.o)
 .debug_line    0x0000035b       0x5e /usr/lib/gcc/arm-none-eabi/15.2.0/thumb/v6-m/nofp/libgcc.a(_clzsi2.o)
 .debug_line    0x000003b9       0x54 /usr/lib/gcc/arm-none-eabi/15.2.0/thumb/v6-m/nofp/libgcc.a(_clzdi2.o)

.debug_line_str
                0x00000000       0xd2
 .debug_line_str
                0x00000000       0xd2 /usr/lib/gcc/arm-none-eabi/15.2.0/thumb/v6-m/nofp/libgcc.a(_thumb1_case_sqi.o)
                                 0xc6 (size before relaxing)
 .debug_line_str
                0x000000d2        0x0 /usr/lib/gcc/arm-none-eabi/15.2.0/thumb/v6-m/nofp/libgcc.a(_thumb1_case_shi.o)
                                 0xc6 (size before relaxing)
 .debug_line_str
                0x000000d2        0x0 /usr/lib/gcc/arm-none-eabi/15.2.0/thumb/v6-m/nofp/libgcc.a(_udivsi3.o)
                                 0xc6 (size before relaxing)
 .debug_line_str
                0x000000d2        0x0 /usr/lib/gcc/arm-none-eabi/15.2.0/thumb/v6-m/nofp/libgcc.a(_dvmd_tls.o)
                                 0xc6 (size before relaxing)
 .debug_line_str
                0x000000d2        0x0 /usr/lib/gcc/arm-none-eabi/15.2.0/thumb/v6-m/nofp/libgcc.a(_aeabi_uldivmod.o)
                                 0xc6 (size before relaxing)
 .debug_line_str
                0x000000d2        0x0 /usr/lib/gcc/arm-none-eabi/15.2.0/thumb/v6-m/nofp/libgcc.a(_clzsi2.o)
                                 0xc6 (size before relaxing)
 .debug_line_str
                0x000000d2        0x0 /usr/lib/gcc/arm-none-eabi/15.2.0/thumb/v6-m/nofp/libgcc.a(_clzdi2.o)
                                 0xc6 (size before relaxing)

.debug_info     0x00000000      0x50a
 .debug_info    0x00000000       0x31 /usr/lib/gcc/arm-none-eabi/15.2.0/thumb/v6-m/nofp/libgcc.a(_thumb1_case_sqi.o)
 .debug_info    0x00000031       0x31 /usr/lib/gcc/arm-none-eabi/15.2.0/thumb/v6-m/nofp/libgcc.a(_thumb1_case_shi.o)
 .debug_info    0x00000062       0x3e /usr/lib/gcc/arm-none-eabi/15.2.0/thumb/v6-m/nofp/libgcc.a(_udivsi3.o)
 .debug_info    0x000000a0       0x3c /usr/lib/gcc/arm-none-eabi/15.2.0/thumb/v6-m/nofp/libgcc.a(_dvmd_tls.o)
 .debug_info    0x000000dc       0x31 /usr/lib/gcc/arm-none-eabi/15.2.0/thumb/v6-m/nofp/libgcc.a(_aeabi_uldivmod.o)
 .debug_info    0x0000010d      0x3a8 /usr/lib/gcc/arm-none-eabi/15.2.0/thumb/v6-m/nofp/libgcc.a(_udivmoddi4.o)
 .debug_info    0x000004b5       0x31 /usr/lib/gcc/arm-none-eabi/15.2.0/thumb/v6-m/nofp/libgcc.a(_clzsi2.o)
 .debug_info    0x000004e6       0x24 /usr/lib/gcc/arm-none-eabi/15.2.0/thumb/v6-m/nofp/libgcc.a(_clzdi2.o)

.debug_abbrev   0x00000000      0x228
 .debug_abbrev  0x00000000       0x28 /usr/lib/gcc/arm-none-eabi/15.2.0/thumb/v6-m/nofp/libgcc.a(_thumb1_case_sqi.o)
 .debug_abbrev  0x00000028       0x28 /usr/lib/gcc/arm-none-eabi/15.2.0/thumb/v6-m/nofp/libgcc.a(_thumb1_case_shi.o)
 .debug_abbrev  0x00000050       0x28 /usr/lib/gcc/arm-none-eabi/15.2.0/thumb/v6-m/nofp/libgcc.a(_udivsi3.o)
 .debug_abbrev  0x00000078       0x26 /usr/lib/gcc/arm-none-eabi/15.2.0/thumb/v6-m/nofp/libgcc.a(_dvmd_tls.o)
 .debug_abbrev  0x0000009e       0x28 /usr/lib/gcc/arm-none-eabi/15.2.0/thumb/v6-m/nofp/libgcc.a(_aeabi_uldivmod.o)
 .debug_abbrev  0x000000c6      0x126 /usr/lib/gcc/arm-none-eabi/15.2.0/thumb/v6-m/nofp/libgcc.a(_udivmoddi4.o)
 .debug_abbrev  0x000001ec       0x28 /usr/lib/gcc/arm-none-eabi/15.2.0/thumb/v6-m/nofp/libgcc.a(_clzsi2.o)
 .debug_abbrev  0x00000214       0x14 /usr/lib/gcc/arm-none-eabi/15.2.0/thumb/v6-m/nofp/libgcc.a(_clzdi2.o)

.debug_aranges  0x00000000      0x100
 .debug_aranges
                0x00000000       0x20 /usr/lib/gcc/arm-none-eabi/15.2.0/thumb/v6-m/nofp/libgcc.a(_thumb1_case_sqi.o)
 .debug_aranges
                0x00000020       0x20 /usr/lib/gcc/arm-none-eabi/15.2.0/thumb/v6-m/nofp/libgcc.a(_thumb1_case_shi.o)
 .debug_aranges
                0x00000040       0x20 /usr/lib/gcc/arm-none-eabi/15.2.0/thumb/v6-m/nofp/libgcc.a(_udivsi3.o)
 .debug_aranges
                0x00000060       0x20 /usr/lib/gcc/arm-none-eabi/15.2.0/thumb/v6-m/nofp/libgcc.a(_dvmd_tls.o)
 .debug_aranges
                0x00000080       0x20 /usr/lib/gcc/arm-none-eabi/15.2.0/thumb/v6-m/nofp/libgcc.a(_aeabi_uldivmod.o)
 .debug_aranges
                0x000000a0       0x20 /usr/lib/gcc/arm-none-eabi/15.2.0/thumb/v6-m/nofp/libgcc.a(_udivmoddi4.o)
 .debug_aranges
                0x000000c0       0x20 /usr/lib/gcc/arm-none-eabi/15.2.0/thumb/v6-m/nofp/libgcc.a(_clzsi2.o)
 .debug_aranges
                0x000000e0       0x20 /usr/lib/gcc/arm-none-eabi/15.2.0/thumb/v6-m/nofp/libgcc.a(_clzdi2.o)

.debug_str      0x00000000      0x73a
 .debug_str     0x00000000      0x73a /usr/lib/gcc/arm-none-eabi/15.2.0/thumb/v6-m/nofp/libgcc.a(_thumb1_case_sqi.o)
                                 0xe8 (size before relaxing)
 .debug_str     0x0000073a        0x0 /usr/lib/gcc/arm-none-eabi/15.2.0/thumb/v6-m/nofp/libgcc.a(_thumb1_case_shi.o)
                                 0xe8 (size before relaxing)
 .debug_str     0x0000073a        0x0 /usr/lib/gcc/arm-none-eabi/15.2.0/thumb/v6-m/nofp/libgcc.a(_udivsi3.o)
                                 0xed (size before relaxing)
 .debug_str     0x0000073a        0x0 /usr/lib/gcc/arm-none-eabi/15.2.0/thumb/v6-m/nofp/libgcc.a(_dvmd_tls.o)
                                 0xee (size before relaxing)
 .debug_str     0x0000073a        0x0 /usr/lib/gcc/arm-none-eabi/15.2.0/thumb/v6-m/nofp/libgcc.a(_aeabi_uldivmod.o)
                                 0xe3 (size before relaxing)
 .debug_str     0x0000073a        0x0 /usr/lib/gcc/arm-none-eabi/15.2.0/thumb/v6-m/nofp/libgcc.a(_udivmoddi4.o)
                                0x666 (size before relaxing)
 .debug_str     0x0000073a        0x0 /usr/lib/gcc/arm-none-eabi/15.2.0/thumb/v6-m/nofp/libgcc.a(_clzsi2.o)
                                 0xdb (size before relaxing)
 .debug_str     0x0000073a        0x0 /usr/lib/gcc/arm-none-eabi/15.2.0/thumb/v6-m/nofp/libgcc.a(_clzdi2.o)
                                 0xd2 (size before relaxing)

.debug_frame    0x00000000       0x5c
 .debug_frame   0x00000000       0x20 /usr/lib/gcc/arm-none-eabi/15.2.0/thumb/v6-m/nofp/libgcc.a(_udivsi3.o)
 .debug_frame   0x00000020       0x3c /usr/lib/gcc/arm-none-eabi/15.2.0/thumb/v6-m/nofp/libgcc.a(_udivmoddi4.o)

.debug_loclists
                0x00000000      0x28b
 .debug_loclists
                0x00000000      0x28b /usr/lib/gcc/arm-none-eabi/15.2.0/thumb/v6-m/nofp/libgcc.a(_udivmoddi4.o)
